Component: ARM Compiler 5.06 update 7 (build 960) Tool: armlink [4d3601]

==============================================================================

Section Cross References

    startup_stm32f103xb.o(STACK) refers (Special) to heapauxi.o(.text) for __use_two_region_memory
    startup_stm32f103xb.o(HEAP) refers (Special) to heapauxi.o(.text) for __use_two_region_memory
    startup_stm32f103xb.o(RESET) refers (Special) to heapauxi.o(.text) for __use_two_region_memory
    startup_stm32f103xb.o(RESET) refers to startup_stm32f103xb.o(STACK) for __initial_sp
    startup_stm32f103xb.o(RESET) refers to startup_stm32f103xb.o(.text) for Reset_Handler
    startup_stm32f103xb.o(RESET) refers to stm32f1xx_it.o(i.NMI_Handler) for NMI_Handler
    startup_stm32f103xb.o(RESET) refers to stm32f1xx_it.o(i.HardFault_Handler) for HardFault_Handler
    startup_stm32f103xb.o(RESET) refers to stm32f1xx_it.o(i.MemManage_Handler) for MemManage_Handler
    startup_stm32f103xb.o(RESET) refers to stm32f1xx_it.o(i.BusFault_Handler) for BusFault_Handler
    startup_stm32f103xb.o(RESET) refers to stm32f1xx_it.o(i.UsageFault_Handler) for UsageFault_Handler
    startup_stm32f103xb.o(RESET) refers to port.o(.emb_text) for SVC_Handler
    startup_stm32f103xb.o(RESET) refers to stm32f1xx_it.o(i.DebugMon_Handler) for DebugMon_Handler
    startup_stm32f103xb.o(RESET) refers to port.o(i.SysTick_Handler) for SysTick_Handler
    startup_stm32f103xb.o(RESET) refers to stm32f1xx_it.o(i.DMA1_Channel1_IRQHandler) for DMA1_Channel1_IRQHandler
    startup_stm32f103xb.o(RESET) refers to stm32f1xx_it.o(i.TIM1_UP_IRQHandler) for TIM1_UP_IRQHandler
    startup_stm32f103xb.o(RESET) refers to stm32f1xx_it.o(i.USART2_IRQHandler) for USART2_IRQHandler
    startup_stm32f103xb.o(.text) refers (Special) to heapauxi.o(.text) for __use_two_region_memory
    startup_stm32f103xb.o(.text) refers to system_stm32f1xx.o(i.SystemInit) for SystemInit
    startup_stm32f103xb.o(.text) refers to __main.o(!!!main) for __main
    startup_stm32f103xb.o(.text) refers to startup_stm32f103xb.o(HEAP) for Heap_Mem
    startup_stm32f103xb.o(.text) refers to startup_stm32f103xb.o(STACK) for Stack_Mem
    stm32f1xx_hal.o(i.HAL_DeInit) refers to stm32f1xx_hal.o(i.HAL_MspDeInit) for HAL_MspDeInit
    stm32f1xx_hal.o(i.HAL_Delay) refers to stm32f1xx_hal.o(i.HAL_GetTick) for HAL_GetTick
    stm32f1xx_hal.o(i.HAL_Delay) refers to stm32f1xx_hal.o(.data) for .data
    stm32f1xx_hal.o(i.HAL_GetTick) refers to stm32f1xx_hal.o(.data) for .data
    stm32f1xx_hal.o(i.HAL_GetTickFreq) refers to stm32f1xx_hal.o(.data) for .data
    stm32f1xx_hal.o(i.HAL_GetTickPrio) refers to stm32f1xx_hal.o(.data) for .data
    stm32f1xx_hal.o(i.HAL_IncTick) refers to stm32f1xx_hal.o(.data) for .data
    stm32f1xx_hal.o(i.HAL_Init) refers to stm32f1xx_hal_cortex.o(i.HAL_NVIC_SetPriorityGrouping) for HAL_NVIC_SetPriorityGrouping
    stm32f1xx_hal.o(i.HAL_Init) refers to stm32f1xx_hal_timebase_tim.o(i.HAL_InitTick) for HAL_InitTick
    stm32f1xx_hal.o(i.HAL_Init) refers to stm32f1xx_hal_msp.o(i.HAL_MspInit) for HAL_MspInit
    stm32f1xx_hal.o(i.HAL_InitTick) refers to stm32f1xx_hal_cortex.o(i.HAL_SYSTICK_Config) for HAL_SYSTICK_Config
    stm32f1xx_hal.o(i.HAL_InitTick) refers to stm32f1xx_hal_cortex.o(i.HAL_NVIC_SetPriority) for HAL_NVIC_SetPriority
    stm32f1xx_hal.o(i.HAL_InitTick) refers to stm32f1xx_hal.o(.data) for .data
    stm32f1xx_hal.o(i.HAL_InitTick) refers to system_stm32f1xx.o(.data) for SystemCoreClock
    stm32f1xx_hal.o(i.HAL_SetTickFreq) refers to stm32f1xx_hal_timebase_tim.o(i.HAL_InitTick) for HAL_InitTick
    stm32f1xx_hal.o(i.HAL_SetTickFreq) refers to stm32f1xx_hal.o(.data) for .data
    stm32f1xx_hal_rcc.o(i.HAL_RCC_ClockConfig) refers to stm32f1xx_hal.o(i.HAL_GetTick) for HAL_GetTick
    stm32f1xx_hal_rcc.o(i.HAL_RCC_ClockConfig) refers to stm32f1xx_hal_rcc.o(i.HAL_RCC_GetSysClockFreq) for HAL_RCC_GetSysClockFreq
    stm32f1xx_hal_rcc.o(i.HAL_RCC_ClockConfig) refers to stm32f1xx_hal_timebase_tim.o(i.HAL_InitTick) for HAL_InitTick
    stm32f1xx_hal_rcc.o(i.HAL_RCC_ClockConfig) refers to system_stm32f1xx.o(.constdata) for AHBPrescTable
    stm32f1xx_hal_rcc.o(i.HAL_RCC_ClockConfig) refers to system_stm32f1xx.o(.data) for SystemCoreClock
    stm32f1xx_hal_rcc.o(i.HAL_RCC_ClockConfig) refers to stm32f1xx_hal.o(.data) for uwTickPrio
    stm32f1xx_hal_rcc.o(i.HAL_RCC_DeInit) refers to stm32f1xx_hal.o(i.HAL_GetTick) for HAL_GetTick
    stm32f1xx_hal_rcc.o(i.HAL_RCC_DeInit) refers to stm32f1xx_hal_timebase_tim.o(i.HAL_InitTick) for HAL_InitTick
    stm32f1xx_hal_rcc.o(i.HAL_RCC_DeInit) refers to system_stm32f1xx.o(.data) for SystemCoreClock
    stm32f1xx_hal_rcc.o(i.HAL_RCC_DeInit) refers to stm32f1xx_hal.o(.data) for uwTickPrio
    stm32f1xx_hal_rcc.o(i.HAL_RCC_GetHCLKFreq) refers to system_stm32f1xx.o(.data) for SystemCoreClock
    stm32f1xx_hal_rcc.o(i.HAL_RCC_GetPCLK1Freq) refers to system_stm32f1xx.o(.data) for SystemCoreClock
[...]
    __aeabi_errno_addr                       0x0800059d   Thumb Code     8  rt_errno_addr_intlibspace.o(.text)
    __errno$intlibspace                      0x0800059d   Thumb Code     0  rt_errno_addr_intlibspace.o(.text)
    __rt_errno_addr$intlibspace              0x0800059d   Thumb Code     0  rt_errno_addr_intlibspace.o(.text)
    __user_libspace                          0x080005a5   Thumb Code     8  libspace.o(.text)
    __user_perproc_libspace                  0x080005a5   Thumb Code     0  libspace.o(.text)
    __user_perthread_libspace                0x080005a5   Thumb Code     0  libspace.o(.text)
    __user_setup_stackheap                   0x080005ad   Thumb Code    74  sys_stackheap_outer.o(.text)
    exit                                     0x080005f7   Thumb Code    18  exit.o(.text)
    _sys_exit                                0x08000609   Thumb Code     8  sys_exit.o(.text)
    __I$use$semihosting                      0x08000615   Thumb Code     0  use_no_semi.o(.text)
    __use_no_semihosting_swi                 0x08000615   Thumb Code     2  use_no_semi.o(.text)
    BluetoothTask_callback                   0x08000617   Thumb Code    12  freertos.o(i.BluetoothTask_callback)
    __semihosting_library_function           0x08000617   Thumb Code     0  indicate_semi.o(.text)
    BusFault_Handler                         0x08000623   Thumb Code     2  stm32f1xx_it.o(i.BusFault_Handler)
    ChassisTask_callback                     0x08000625   Thumb Code    12  freertos.o(i.ChassisTask_callback)
    DMA1_Channel1_IRQHandler                 0x08000631   Thumb Code     6  stm32f1xx_it.o(i.DMA1_Channel1_IRQHandler)
    DebugMon_Handler                         0x08000667   Thumb Code     2  stm32f1xx_it.o(i.DebugMon_Handler)
    Error_Handler                            0x08000669   Thumb Code     4  main.o(i.Error_Handler)
    Get_sys_time_ms                          0x0800066d   Thumb Code     4  stm32tim.o(i.Get_sys_time_ms)
    GimbalTask_callback                      0x08000671   Thumb Code    12  freertos.o(i.GimbalTask_callback)
    Global_init                              0x0800067d   Thumb Code    38  control.o(i.Global_init)
    Gyroscope_calibration                    0x080006ad   Thumb Code   188  mpu_updata.o(i.Gyroscope_calibration)
    HAL_DMA_Abort                            0x08000771   Thumb Code    70  stm32f1xx_hal_dma.o(i.HAL_DMA_Abort)
    HAL_DMA_Abort_IT                         0x080007b9   Thumb Code   148  stm32f1xx_hal_dma.o(i.HAL_DMA_Abort_IT)
    HAL_DMA_IRQHandler                       0x08000851   Thumb Code   316  stm32f1xx_hal_dma.o(i.HAL_DMA_IRQHandler)
    HAL_DMA_Init                             0x080009a5   Thumb Code    84  stm32f1xx_hal_dma.o(i.HAL_DMA_Init)
    HAL_DMA_Start_IT                         0x08000a01   Thumb Code   112  stm32f1xx_hal_dma.o(i.HAL_DMA_Start_IT)
    HAL_Delay                                0x08000a71   Thumb Code    32  stm32f1xx_hal.o(i.HAL_Delay)
    HAL_GPIO_Init                            0x08000a95   Thumb Code   446  stm32f1xx_hal_gpio.o(i.HAL_GPIO_Init)
    HAL_GPIO_ReadPin                         0x08000c75   Thumb Code    10  stm32f1xx_hal_gpio.o(i.HAL_GPIO_ReadPin)
    HAL_GPIO_WritePin                        0x08000c7f   Thumb Code    10  stm32f1xx_hal_gpio.o(i.HAL_GPIO_WritePin)
    HAL_GetTick                              0x08000c89   Thumb Code     6  stm32f1xx_hal.o(i.HAL_GetTick)
    HAL_IncTick                              0x08000c95   Thumb Code    12  stm32f1xx_hal.o(i.HAL_IncTick)
    HAL_Init                                 0x08000ca5   Thumb Code    32  stm32f1xx_hal.o(i.HAL_Init)
    HAL_InitTick                             0x08000cc9   Thumb Code   118  stm32f1xx_hal_timebase_tim.o(i.HAL_InitTick)
    HAL_MspInit                              0x08000d55   Thumb Code    62  stm32f1xx_hal_msp.o(i.HAL_MspInit)
    HAL_NVIC_EnableIRQ                       0x08000d9d   Thumb Code    26  stm32f1xx_hal_cortex.o(i.HAL_NVIC_EnableIRQ)
    HAL_NVIC_SetPriority                     0x08000db9   Thumb Code    60  stm32f1xx_hal_cortex.o(i.HAL_NVIC_SetPriority)
    HAL_NVIC_SetPriorityGrouping             0x08000df9   Thumb Code    26  stm32f1xx_hal_cortex.o(i.HAL_NVIC_SetPriorityGrouping)
    HAL_RCC_ClockConfig                      0x08000e1d   Thumb Code   280  stm32f1xx_hal_rcc.o(i.HAL_RCC_ClockConfig)
    HAL_RCC_GetClockConfig                   0x08000f49   Thumb Code    54  stm32f1xx_hal_rcc.o(i.HAL_RCC_GetClockConfig)
    HAL_RCC_GetPCLK1Freq                     0x08000f89   Thumb Code    20  stm32f1xx_hal_rcc.o(i.HAL_RCC_GetPCLK1Freq)
    HAL_RCC_GetPCLK2Freq                     0x08000fa9   Thumb Code    20  stm32f1xx_hal_rcc.o(i.HAL_RCC_GetPCLK2Freq)
    HAL_RCC_GetSysClockFreq                  0x08000fc9   Thumb Code    58  stm32f1xx_hal_rcc.o(i.HAL_RCC_GetSysClockFreq)
    HAL_RCC_OscConfig                        0x08001015   Thumb Code   778  stm32f1xx_hal_rcc.o(i.HAL_RCC_OscConfig)
    HAL_TIMEx_BreakCallback                  0x08001335   Thumb Code     2  stm32f1xx_hal_tim_ex.o(i.HAL_TIMEx_BreakCallback)
    HAL_TIMEx_CommutCallback                 0x08001337   Thumb Code     2  stm32f1xx_hal_tim_ex.o(i.HAL_TIMEx_CommutCallback)
    HAL_TIMEx_MasterConfigSynchronization    0x08001339   Thumb Code    92  stm32f1xx_hal_tim_ex.o(i.HAL_TIMEx_MasterConfigSynchronization)
    HAL_TIM_Base_Init                        0x080013a1   Thumb Code    90  stm32f1xx_hal_tim.o(i.HAL_TIM_Base_Init)
    HAL_TIM_Base_MspInit                     0x080013fd   Thumb Code    52  tim.o(i.HAL_TIM_Base_MspInit)
    HAL_TIM_Base_Start_IT                    0x08001439   Thumb Code    76  stm32f1xx_hal_tim.o(i.HAL_TIM_Base_Start_IT)
    HAL_TIM_ConfigClockSource                0x08001491   Thumb Code   220  stm32f1xx_hal_tim.o(i.HAL_TIM_ConfigClockSource)
    HAL_TIM_ErrorCallback                    0x0800156d   Thumb Code     2  stm32f1xx_hal_tim.o(i.HAL_TIM_ErrorCallback)
    HAL_TIM_IC_CaptureCallback               0x0800156f   Thumb Code     2  stm32f1xx_hal_tim.o(i.HAL_TIM_IC_CaptureCallback)
    HAL_TIM_IRQHandler                       0x08001571   Thumb Code   358  stm32f1xx_hal_tim.o(i.HAL_TIM_IRQHandler)
    HAL_TIM_MspPostInit                      0x080016d9   Thumb Code   224  tim.o(i.HAL_TIM_MspPostInit)
    HAL_TIM_OC_DelayElapsedCallback          0x080017d1   Thumb Code     2  stm32f1xx_hal_tim.o(i.HAL_TIM_OC_DelayElapsedCallback)
    HAL_TIM_PWM_ConfigChannel                0x080017d3   Thumb Code   204  stm32f1xx_hal_tim.o(i.HAL_TIM_PWM_ConfigChannel)
    HAL_TIM_PWM_Init                         0x0800189f   Thumb Code    90  stm32f1xx_hal_tim.o(i.HAL_TIM_PWM_Init)
    HAL_TIM_PWM_MspInit                      0x080018f9   Thumb Code    72  tim.o(i.HAL_TIM_PWM_MspInit)
    HAL_TIM_PWM_PulseFinishedCallback        0x08001951   Thumb Code     2  stm32f1xx_hal_tim.o(i.HAL_TIM_PWM_PulseFinishedCallback)
    HAL_TIM_PWM_PulseFinishedHalfCpltCallback 0x08001953   Thumb Code     2  stm32f1xx_hal_tim.o(i.HAL_TIM_PWM_PulseFinishedHalfCpltCallback)
    HAL_TIM_PWM_Start                        0x08001955   Thumb Code   144  stm32f1xx_hal_tim.o(i.HAL_TIM_PWM_Start)
    HAL_TIM_PWM_Start_DMA                    0x080019f1   Thumb Code   378  stm32f1xx_hal_tim.o(i.HAL_TIM_PWM_Start_DMA)
    HAL_TIM_PeriodElapsedCallback            0x08001b85   Thumb Code    14  main.o(i.HAL_TIM_PeriodElapsedCallback)
    HAL_TIM_TriggerCallback                  0x08001b99   Thumb Code     2  stm32f1xx_hal_tim.o(i.HAL_TIM_TriggerCallback)
    HAL_UARTEx_RxEventCallback               0x08001b9b   Thumb Code     2  stm32f1xx_hal_uart.o(i.HAL_UARTEx_RxEventCallback)
    HAL_UART_ErrorCallback                   0x08001b9d   Thumb Code     2  stm32f1xx_hal_uart.o(i.HAL_UART_ErrorCallback)
    HAL_UART_IRQHandler                      0x08001ba1   Thumb Code   616  stm32f1xx_hal_uart.o(i.HAL_UART_IRQHandler)
    HAL_UART_Init                            0x08001e0d   Thumb Code   100  stm32f1xx_hal_uart.o(i.HAL_UART_Init)
    HAL_UART_MspInit                         0x08001e71   Thumb Code   114  usart.o(i.HAL_UART_MspInit)
    HAL_UART_Receive_IT                      0x08001ef1   Thumb Code    28  stm32f1xx_hal_uart.o(i.HAL_UART_Receive_IT)
    HAL_UART_RxCpltCallback                  0x08001f0d   Thumb Code    60  bluetooth.o(i.HAL_UART_RxCpltCallback)
    HAL_UART_TxCpltCallback                  0x08001f55   Thumb Code     2  stm32f1xx_hal_uart.o(i.HAL_UART_TxCpltCallback)
    HardFault_Handler                        0x08001f57   Thumb Code     2  stm32f1xx_it.o(i.HardFault_Handler)
    IIC_Ack                                  0x08001f59   Thumb Code    66  iic.o(i.IIC_Ack)
    IIC_GPIO_Init                            0x08001fad   Thumb Code    52  iic.o(i.IIC_GPIO_Init)
    IIC_NAck                                 0x08001fe9   Thumb Code    52  iic.o(i.IIC_NAck)
    IIC_Read_Byte                            0x08002021   Thumb Code    96  iic.o(i.IIC_Read_Byte)
    IIC_Send_Byte                            0x08002085   Thumb Code    98  iic.o(i.IIC_Send_Byte)
    IIC_Start                                0x080020ed   Thumb Code    64  iic.o(i.IIC_Start)
    IIC_Stop                                 0x08002131   Thumb Code    46  iic.o(i.IIC_Stop)
    IIC_Wait_Ack                             0x08002165   Thumb Code    70  iic.o(i.IIC_Wait_Ack)
    MPU_Get_Accelerometer                    0x080021b1   Thumb Code    50  mpu6050.o(i.MPU_Get_Accelerometer)
    MPU_Get_Gyroscope                        0x080021e3   Thumb Code    50  mpu6050.o(i.MPU_Get_Gyroscope)
    MPU_Get_Temperature                      0x08002215   Thumb Code    54  mpu6050.o(i.MPU_Get_Temperature)
    MPU_Init                                 0x08002259   Thumb Code   118  mpu6050.o(i.MPU_Init)
    MPU_Read_Byte                            0x080022cf   Thumb Code    58  mpu6050.o(i.MPU_Read_Byte)
    MPU_Read_Len                             0x08002309   Thumb Code   108  mpu6050.o(i.MPU_Read_Len)
    MPU_Set_Accel_Fsr                        0x08002375   Thumb Code    10  mpu6050.o(i.MPU_Set_Accel_Fsr)
    MPU_Set_Gyro_Fsr                         0x0800237f   Thumb Code    10  mpu6050.o(i.MPU_Set_Gyro_Fsr)
    MPU_Set_LPF                              0x08002389   Thumb Code    48  mpu6050.o(i.MPU_Set_LPF)
    MPU_Set_Rate                             0x080023b9   Thumb Code    46  mpu6050.o(i.MPU_Set_Rate)
    MPU_Write_Byte                           0x080023e7   Thumb Code    60  mpu6050.o(i.MPU_Write_Byte)
    MPU_Write_Len                            0x08002423   Thumb Code    82  mpu6050.o(i.MPU_Write_Len)
    MX_DMA_Init                              0x08002475   Thumb Code    40  dma.o(i.MX_DMA_Init)
    MX_FREERTOS_Init                         0x080024a1   Thumb Code    46  freertos.o(i.MX_FREERTOS_Init)
    MX_GPIO_Init                             0x080024e5   Thumb Code   180  gpio.o(i.MX_GPIO_Init)
    MX_TIM2_Init                             0x080025a5   Thumb Code   194  tim.o(i.MX_TIM2_Init)
    MX_TIM3_Init                             0x0800266d   Thumb Code   192  tim.o(i.MX_TIM3_Init)
    MX_TIM4_Init                             0x08002735   Thumb Code   102  tim.o(i.MX_TIM4_Init)
    MX_USART2_UART_Init                      0x080027a5   Thumb Code    48  usart.o(i.MX_USART2_UART_Init)
    MemManage_Handler                        0x080027dd   Thumb Code     2  stm32f1xx_it.o(i.MemManage_Handler)
    Motor_Init                               0x080027e1   Thumb Code    38  motor.o(i.Motor_Init)
    Motor_SetCurrent                         0x0800280d   Thumb Code   306  motor.o(i.Motor_SetCurrent)
    NMI_Handler                              0x0800294d   Thumb Code     2  stm32f1xx_it.o(i.NMI_Handler)
    ServoCtrl                                0x08002951   Thumb Code    70  servo.o(i.ServoCtrl)
    Servo_Init                               0x080029a9   Thumb Code    38  servo.o(i.Servo_Init)
    SetMotorCurrent                          0x080029d5   Thumb Code    64  chassis_move.o(i.SetMotorCurrent)
    SetMotorSpeed                            0x08002a19   Thumb Code    72  chassis_move.o(i.SetMotorSpeed)
    SysTick_Handler                          0x08002a65   Thumb Code    38  port.o(i.SysTick_Handler)
    SystemClock_Config                       0x08002a91   Thumb Code    94  main.o(i.SystemClock_Config)
    SystemInit                               0x08002aef   Thumb Code     2  system_stm32f1xx.o(i.SystemInit)
    TIM1_UP_IRQHandler                       0x08002af1   Thumb Code     6  stm32f1xx_it.o(i.TIM1_UP_IRQHandler)
    TIM_Base_SetConfig                       0x08002afd   Thumb Code    94  stm32f1xx_hal_tim.o(i.TIM_Base_SetConfig)
    TIM_CCxChannelCmd                        0x08002b69   Thumb Code    26  stm32f1xx_hal_tim.o(i.TIM_CCxChannelCmd)
    TIM_DMADelayPulseHalfCplt                0x08002be1   Thumb Code    56  stm32f1xx_hal_tim.o(i.TIM_DMADelayPulseHalfCplt)
    TIM_DMAError                             0x08002c19   Thumb Code    84  stm32f1xx_hal_tim.o(i.TIM_DMAError)
    TIM_ETR_SetConfig                        0x08002c6d   Thumb Code    20  stm32f1xx_hal_tim.o(i.TIM_ETR_SetConfig)
    TIM_OC2_SetConfig                        0x08002ce1   Thumb Code    84  stm32f1xx_hal_tim.o(i.TIM_OC2_SetConfig)
    UART_Start_Receive_IT                    0x08002ff5   Thumb Code    54  stm32f1xx_hal_uart.o(i.UART_Start_Receive_IT)
    USART2_IRQHandler                        0x0800302d   Thumb Code     6  stm32f1xx_it.o(i.USART2_IRQHandler)
    UsageFault_Handler                       0x08003039   Thumb Code     2  stm32f1xx_it.o(i.UsageFault_Handler)
    WS28xx_TypeStructInit                    0x0800303d   Thumb Code    30  ws2812.o(i.WS28xx_TypeStructInit)
    __ARM_fpclassify                         0x08003075   Thumb Code    40  fpclassify.o(i.__ARM_fpclassify)
    __GetPixelColor_RGB                      0x0800309d   Thumb Code   116  ws2812.o(i.__GetPixelColor_RGB)
    __SetALLColor_RGB                        0x08003135   Thumb Code    46  ws2812.o(i.__SetALLColor_RGB)
    __SetPixelColor_From_RGB_Buffer          0x08003169   Thumb Code    60  ws2812.o(i.__SetPixelColor_From_RGB_Buffer)
    __SetPixelColor_RGB                      0x080031a9   Thumb Code    88  ws2812.o(i.__SetPixelColor_RGB)
    __kernel_poly                            0x08003205   Thumb Code   170  poly.o(i.__kernel_poly)
    __mathlib_dbl_infnan                     0x080032af   Thumb Code     6  dunder.o(i.__mathlib_dbl_infnan)
    __mathlib_dbl_infnan2                    0x080032b5   Thumb Code     4  dunder.o(i.__mathlib_dbl_infnan2)
    __mathlib_dbl_invalid                    0x080032b9   Thumb Code    12  dunder.o(i.__mathlib_dbl_invalid)
    __mathlib_dbl_underflow                  0x080032c5   Thumb Code    10  dunder.o(i.__mathlib_dbl_underflow)
    __show                                   0x080032d5   Thumb Code    12  ws2812.o(i.__show)
    asin                                     0x08003369   Thumb Code   572  asin.o(i.asin)
    atan                                     0x080035d9   Thumb Code   474  atan.o(i.atan)
    atan2                                    0x080037f9   Thumb Code   374  atan2.o(i.atan2)
    calculate_slope_and_intercept            0x08003995   Thumb Code   254  mpu_updata.o(i.calculate_slope_and_intercept)
    chassis_move_init                        0x08003a95   Thumb Code    36  chassis_move.o(i.chassis_move_init)
    chassis_set_speed                        0x08003ac5   Thumb Code    90  chassis_move.o(i.chassis_set_speed)
    control_tack                             0x08003b35   Thumb Code   392  control.o(i.control_tack)
    data_limit                               0x08003ccd   Thumb Code    54  limit.o(i.data_limit)
    dmp_enable_6x_lp_quat                    0x08003d03   Thumb Code    58  inv_mpu_dmp_motion_driver.o(i.dmp_enable_6x_lp_quat)
    dmp_enable_feature                       0x08003d3d   Thumb Code   464  inv_mpu_dmp_motion_driver.o(i.dmp_enable_feature)
    dmp_enable_gyro_cal                      0x08003f15   Thumb Code    34  inv_mpu_dmp_motion_driver.o(i.dmp_enable_gyro_cal)
    dmp_enable_lp_quat                       0x08003f51   Thumb Code    58  inv_mpu_dmp_motion_driver.o(i.dmp_enable_lp_quat)
    dmp_load_motion_driver_firmware          0x08003f8d   Thumb Code    16  inv_mpu_dmp_motion_driver.o(i.dmp_load_motion_driver_firmware)
    dmp_read_fifo                            0x08003fa1   Thumb Code   352  inv_mpu_dmp_motion_driver.o(i.dmp_read_fifo)
    dmp_set_accel_bias                       0x08004105   Thumb Code   210  inv_mpu_dmp_motion_driver.o(i.dmp_set_accel_bias)
    dmp_set_fifo_rate                        0x080041dd   Thumb Code    82  inv_mpu_dmp_motion_driver.o(i.dmp_set_fifo_rate)
    dmp_set_gyro_bias                        0x08004241   Thumb Code   196  inv_mpu_dmp_motion_driver.o(i.dmp_set_gyro_bias)
    dmp_set_orientation                      0x0800430d   Thumb Code   246  inv_mpu_dmp_motion_driver.o(i.dmp_set_orientation)
    dmp_set_shake_reject_thresh              0x08004419   Thumb Code    48  inv_mpu_dmp_motion_driver.o(i.dmp_set_shake_reject_thresh)
    dmp_set_shake_reject_time                0x08004449   Thumb Code    32  inv_mpu_dmp_motion_driver.o(i.dmp_set_shake_reject_time)
    dmp_set_shake_reject_timeout             0x08004469   Thumb Code    32  inv_mpu_dmp_motion_driver.o(i.dmp_set_shake_reject_timeout)
    dmp_set_tap_axes                         0x08004489   Thumb Code    64  inv_mpu_dmp_motion_driver.o(i.dmp_set_tap_axes)
    dmp_set_tap_count                        0x080044c9   Thumb Code    34  inv_mpu_dmp_motion_driver.o(i.dmp_set_tap_count)
    dmp_set_tap_thresh                       0x080044ed   Thumb Code   274  inv_mpu_dmp_motion_driver.o(i.dmp_set_tap_thresh)
    dmp_set_tap_time                         0x08004615   Thumb Code    32  inv_mpu_dmp_motion_driver.o(i.dmp_set_tap_time)
    dmp_set_tap_time_multi                   0x08004635   Thumb Code    32  inv_mpu_dmp_motion_driver.o(i.dmp_set_tap_time_multi)
    inv_orientation_matrix_to_scalar         0x08004ae9   Thumb Code    34  inv_mpu.o(i.inv_orientation_matrix_to_scalar)
    inv_row_2_scale                          0x08004b0b   Thumb Code    72  inv_mpu.o(i.inv_row_2_scale)
    limitSpeed                               0x08004b53   Thumb Code   130  chassis_move.o(i.limitSpeed)
    lowPassFilter                            0x08004bd5   Thumb Code    64  pid.o(i.lowPassFilter)
    main                                     0x08004c19   Thumb Code    80  main.o(i.main)
    mget_ms                                  0x08004c71   Thumb Code     2  inv_mpu.o(i.mget_ms)
    mpu6050_Init                             0x08004c73   Thumb Code    14  mpu_updata.o(i.mpu6050_Init)
    mpu6050_updata                           0x08004c81   Thumb Code    56  mpu_updata.o(i.mpu6050_updata)
    mpu_configure_fifo                       0x08004cbd   Thumb Code    78  inv_mpu.o(i.mpu_configure_fifo)
    mpu_dmp_get_data                         0x08004d11   Thumb Code   402  inv_mpu.o(i.mpu_dmp_get_data)
    mpu_dmp_init                             0x08004ea9   Thumb Code   158  inv_mpu.o(i.mpu_dmp_init)
    mpu_get_accel_fsr                        0x08004f4d   Thumb Code    54  inv_mpu.o(i.mpu_get_accel_fsr)
    mpu_get_accel_sens                       0x08004f89   Thumb Code    62  inv_mpu.o(i.mpu_get_accel_sens)
    mpu_get_gyro_fsr                         0x08004fcd   Thumb Code    48  inv_mpu.o(i.mpu_get_gyro_fsr)
    mpu_get_gyro_sens                        0x08005001   Thumb Code    44  inv_mpu.o(i.mpu_get_gyro_sens)
    mpu_get_lpf                              0x08005041   Thumb Code    52  inv_mpu.o(i.mpu_get_lpf)
    mpu_get_sample_rate                      0x08005079   Thumb Code    22  inv_mpu.o(i.mpu_get_sample_rate)
    mpu_init                                 0x08005095   Thumb Code   288  inv_mpu.o(i.mpu_init)
    mpu_load_firmware                        0x080051b9   Thumb Code   154  inv_mpu.o(i.mpu_load_firmware)
    mpu_lp_accel_mode                        0x08005259   Thumb Code   178  inv_mpu.o(i.mpu_lp_accel_mode)
    mpu_read_fifo_stream                     0x08005311   Thumb Code   140  inv_mpu.o(i.mpu_read_fifo_stream)
    mpu_read_mem                             0x080053a1   Thumb Code    80  inv_mpu.o(i.mpu_read_mem)
    mpu_reset_fifo                           0x080053f5   Thumb Code   346  inv_mpu.o(i.mpu_reset_fifo)
    mpu_run_self_test                        0x08005555   Thumb Code   234  inv_mpu.o(i.mpu_run_self_test)
    mpu_set_accel_fsr                        0x08005645   Thumb Code    98  inv_mpu.o(i.mpu_set_accel_fsr)
    mpu_set_bypass                           0x080056ad   Thumb Code   214  inv_mpu.o(i.mpu_set_bypass)
    mpu_set_dmp_state                        0x08005789   Thumb Code   114  inv_mpu.o(i.mpu_set_dmp_state)
    mpu_set_gyro_fsr                         0x08005801   Thumb Code   104  inv_mpu.o(i.mpu_set_gyro_fsr)
    mpu_set_int_latched                      0x0800586d   Thumb Code    94  inv_mpu.o(i.mpu_set_int_latched)
    mpu_set_lpf                              0x080058d1   Thumb Code   102  inv_mpu.o(i.mpu_set_lpf)
    mpu_set_sample_rate                      0x0800593d   Thumb Code   124  inv_mpu.o(i.mpu_set_sample_rate)
    mpu_set_sensors                          0x080059bd   Thumb Code   178  inv_mpu.o(i.mpu_set_sensors)
    mpu_write_mem                            0x08005a75   Thumb Code    80  inv_mpu.o(i.mpu_write_mem)
    osDelay                                  0x08005ac9   Thumb Code    46  cmsis_os2.o(i.osDelay)
    osKernelInitialize                       0x08005afd   Thumb Code    50  cmsis_os2.o(i.osKernelInitialize)
    osKernelStart                            0x08005b35   Thumb Code    58  cmsis_os2.o(i.osKernelStart)
    osThreadNew                              0x08005b75   Thumb Code   160  cmsis_os2.o(i.osThreadNew)
    pid_cal                                  0x08005c19   Thumb Code   216  pid.o(i.pid_cal)
    pid_set                                  0x08005d01   Thumb Code    16  pid.o(i.pid_set)
    pvPortMalloc                             0x08006455   Thumb Code   210  heap_4.o(i.pvPortMalloc)
    pxPortInitialiseStack                    0x0800652d   Thumb Code    32  port.o(i.pxPortInitialiseStack)
    robot_arm_set                            0x08006551   Thumb Code    50  robot_arm.o(i.robot_arm_set)
    run_self_test                            0x08006589   Thumb Code   128  inv_mpu.o(i.run_self_test)
    sqrt                                     0x08006661   Thumb Code    76  sqrt.o(i.sqrt)
    uxListRemove                             0x080066ad   Thumb Code    38  list.o(i.uxListRemove)
    vApplicationGetIdleTaskMemory            0x080066d5   Thumb Code    16  cmsis_os2.o(i.vApplicationGetIdleTaskMemory)
    vApplicationGetTimerTaskMemory           0x080066e9   Thumb Code    18  cmsis_os2.o(i.vApplicationGetTimerTaskMemory)
    vListInitialise                          0x08006701   Thumb Code    22  list.o(i.vListInitialise)
    vListInitialiseItem                      0x08006717   Thumb Code     6  list.o(i.vListInitialiseItem)
    vListInsert                              0x0800671d   Thumb Code    48  list.o(i.vListInsert)
    vListInsertEnd                           0x0800674d   Thumb Code    24  list.o(i.vListInsertEnd)
    vPortEnterCritical                       0x08006765   Thumb Code    54  port.o(i.vPortEnterCritical)
    vPortExitCritical                        0x080067a5   Thumb Code    34  port.o(i.vPortExitCritical)
    vPortFree                                0x080067cd   Thumb Code    88  heap_4.o(i.vPortFree)
    vPortSetupTimerInterrupt                 0x08006829   Thumb Code    32  port.o(i.vPortSetupTimerInterrupt)
    vPortValidateInterruptPriority           0x0800684d   Thumb Code    74  port.o(i.vPortValidateInterruptPriority)
    vQueueAddToRegistry                      0x080068a1   Thumb Code    34  queue.o(i.vQueueAddToRegistry)
    vQueueWaitForMessageRestricted           0x080068c9   Thumb Code    68  queue.o(i.vQueueWaitForMessageRestricted)
    vTaskDelay                               0x0800690d   Thumb Code    66  tasks.o(i.vTaskDelay)
    vTaskInternalSetTimeOutState             0x08006959   Thumb Code    12  tasks.o(i.vTaskInternalSetTimeOutState)
    vTaskMissedYield                         0x08006969   Thumb Code     8  tasks.o(i.vTaskMissedYield)
    vTaskPlaceOnEventList                    0x08006975   Thumb Code    44  tasks.o(i.vTaskPlaceOnEventList)
    vTaskPlaceOnEventListRestricted          0x080069a5   Thumb Code    52  tasks.o(i.vTaskPlaceOnEventListRestricted)
    vTaskStartScheduler                      0x080069dd   Thumb Code   118  tasks.o(i.vTaskStartScheduler)
    vTaskSuspendAll                          0x08006a65   Thumb Code    10  tasks.o(i.vTaskSuspendAll)
    vTaskSwitchContext                       0x08006a75   Thumb Code    90  tasks.o(i.vTaskSwitchContext)
    xPortStartScheduler                      0x08006ad9   Thumb Code   154  port.o(i.xPortStartScheduler)
    xQueueGenericCreateStatic                0x08006b81   Thumb Code   102  queue.o(i.xQueueGenericCreateStatic)
    xQueueGenericReset                       0x08006be9   Thumb Code   132  queue.o(i.xQueueGenericReset)
    xQueueGenericSend                        0x08006c71   Thumb Code   346  queue.o(i.xQueueGenericSend)
    xQueueGenericSendFromISR                 0x08006dd1   Thumb Code   188  queue.o(i.xQueueGenericSendFromISR)
    xQueueReceive                            0x08006e8d   Thumb Code   308  queue.o(i.xQueueReceive)
    xTaskCheckForTimeOut                     0x08006fc5   Thumb Code   112  tasks.o(i.xTaskCheckForTimeOut)
    xTaskCreate                              0x08007039   Thumb Code    90  tasks.o(i.xTaskCreate)
    xTaskCreateStatic                        0x08007093   Thumb Code    86  tasks.o(i.xTaskCreateStatic)
    xTaskGetSchedulerState                   0x080070e9   Thumb Code    22  tasks.o(i.xTaskGetSchedulerState)
    xTaskGetTickCount                        0x08007105   Thumb Code     6  tasks.o(i.xTaskGetTickCount)
    xTaskIncrementTick                       0x08007111   Thumb Code   190  tasks.o(i.xTaskIncrementTick)
    xTaskPriorityDisinherit                  0x080071d9   Thumb Code   118  tasks.o(i.xTaskPriorityDisinherit)
    xTaskRemoveFromEventList                 0x08007259   Thumb Code    98  tasks.o(i.xTaskRemoveFromEventList)
    xTaskResumeAll                           0x080072c9   Thumb Code   182  tasks.o(i.xTaskResumeAll)
    xTimerCreateTimerTask                    0x0800738d   Thumb Code    78  timers.o(i.xTimerCreateTimerTask)
    xTimerGenericCommand                     0x080073ed   Thumb Code    98  timers.o(i.xTimerGenericCommand)
    __aeabi_d2f                              0x08007455   Thumb Code     0  d2f.o(x$fpl$d2f)
    _d2f                                     0x08007455   Thumb Code    98  d2f.o(x$fpl$d2f)
    __aeabi_dadd                             0x080074b9   Thumb Code     0  daddsub_clz.o(x$fpl$dadd)
    _dadd                                    0x080074b9   Thumb Code   332  daddsub_clz.o(x$fpl$dadd)
    __fpl_dcheck_NaN1                        0x08007609   Thumb Code    10  dcheck1.o(x$fpl$dcheck1)
    __fpl_dcmp_Inf                           0x08007619   Thumb Code    24  dcmpi.o(x$fpl$dcmpinf)
    __aeabi_ddiv                             0x08007631   Thumb Code     0  ddiv.o(x$fpl$ddiv)
    _ddiv                                    0x08007631   Thumb Code   552  ddiv.o(x$fpl$ddiv)
    __aeabi_cdcmpeq                          0x080078e1   Thumb Code     0  deqf.o(x$fpl$deqf)
    _dcmpeq                                  0x080078e1   Thumb Code   120  deqf.o(x$fpl$deqf)
    __aeabi_i2d                              0x08007959   Thumb Code     0  dflt_clz.o(x$fpl$dflt)
    _dflt                                    0x08007959   Thumb Code    46  dflt_clz.o(x$fpl$dflt)
    __aeabi_dmul                             0x08007989   Thumb Code     0  dmul.o(x$fpl$dmul)
    _dmul                                    0x08007989   Thumb Code   332  dmul.o(x$fpl$dmul)
    __fpl_dnaninf                            0x08007add   Thumb Code   156  dnaninf.o(x$fpl$dnaninf)
    __fpl_dretinf                            0x08007b79   Thumb Code    12  dretinf.o(x$fpl$dretinf)
    __aeabi_drsub                            0x08007b85   Thumb Code     0  daddsub_clz.o(x$fpl$drsb)
    _drsb                                    0x08007b85   Thumb Code    22  daddsub_clz.o(x$fpl$drsb)
    _dsqrt                                   0x08007b9d   Thumb Code   456  dsqrt_noumaal.o(x$fpl$dsqrt)
    __aeabi_dsub                             0x08007d69   Thumb Code     0  daddsub_clz.o(x$fpl$dsub)
    _dsub                                    0x08007d69   Thumb Code   464  daddsub_clz.o(x$fpl$dsub)
    __aeabi_f2d                              0x08007f3d   Thumb Code     0  f2d.o(x$fpl$f2d)
    _f2d                                     0x08007f3d   Thumb Code    86  f2d.o(x$fpl$f2d)
    __aeabi_fadd                             0x08007f95   Thumb Code     0  faddsub_clz.o(x$fpl$fadd)
    _fadd                                    0x08007f95   Thumb Code   196  faddsub_clz.o(x$fpl$fadd)
    __fpl_fcheck_NaN1                        0x08008059   Thumb Code     6  fcheck1.o(x$fpl$fcheck1)
    __fpl_fcmp_Inf                           0x08008065   Thumb Code    24  fcmpi.o(x$fpl$fcmpinf)
    __aeabi_fdiv                             0x0800807d   Thumb Code     0  fdiv.o(x$fpl$fdiv)
    _fdiv                                    0x0800807d   Thumb Code   384  fdiv.o(x$fpl$fdiv)
    __aeabi_f2iz                             0x08008201   Thumb Code     0  ffix.o(x$fpl$ffix)
    _ffix                                    0x08008201   Thumb Code    54  ffix.o(x$fpl$ffix)
    __aeabi_f2uiz                            0x08008239   Thumb Code     0  ffixu.o(x$fpl$ffixu)
    _ffixu                                   0x08008239   Thumb Code    62  ffixu.o(x$fpl$ffixu)
    __aeabi_i2f                              0x08008279   Thumb Code     0  fflt_clz.o(x$fpl$fflt)
    _fflt                                    0x08008279   Thumb Code    48  fflt_clz.o(x$fpl$fflt)
    __aeabi_ui2f                             0x080082a9   Thumb Code     0  fflt_clz.o(x$fpl$ffltu)
    _ffltu                                   0x080082a9   Thumb Code    38  fflt_clz.o(x$fpl$ffltu)
    __aeabi_cfcmple                          0x080082d1   Thumb Code     0  fleqf.o(x$fpl$fleqf)
    _fcmple                                  0x080082d1   Thumb Code   104  fleqf.o(x$fpl$fleqf)
    __fpl_fcmple_InfNaN                      0x08008323   Thumb Code     0  fleqf.o(x$fpl$fleqf)
    __aeabi_fmul                             0x08008339   Thumb Code     0  fmul.o(x$fpl$fmul)
    _fmul                                    0x08008339   Thumb Code   258  fmul.o(x$fpl$fmul)
    __fpl_fnaninf                            0x0800843b   Thumb Code   140  fnaninf.o(x$fpl$fnaninf)
    __fpl_fretinf                            0x080084c7   Thumb Code    10  fretinf.o(x$fpl$fretinf)
    __aeabi_cfrcmple                         0x080084d1   Thumb Code     0  frleqf.o(x$fpl$frleqf)
    _frcmple                                 0x080084d1   Thumb Code    98  frleqf.o(x$fpl$frleqf)
    __aeabi_fsub                             0x08008535   Thumb Code     0  faddsub_clz.o(x$fpl$fsub)
    _fsub                                    0x08008535   Thumb Code   234  faddsub_clz.o(x$fpl$fsub)
    __fpl_return_NaN                         0x0800861f   Thumb Code   100  retnan.o(x$fpl$retnan)
    __ARM_scalbn                             0x08008683   Thumb Code    92  scalbn.o(x$fpl$scalbn)
    __ARM_scalbnf                            0x080086df   Thumb Code    76  scalbnf.o(x$fpl$scalbnf)
    __fpl_cmpreturn                          0x0800872b   Thumb Code    48  trapv.o(x$fpl$trapveneer)
    __I$use$fp                               0x0800875a   Number         0  usenofp.o(x$fpl$usenofp)
    AHBPrescTable                            0x0800876c   Data          16  system_stm32f1xx.o(.constdata)
    APBPrescTable                            0x0800877c   Data           8  system_stm32f1xx.o(.constdata)
    ChassisTask_attributes                   0x08008784   Data          36  freertos.o(.constdata)
    GimbalTask_attributes                    0x080087a8   Data          36  freertos.o(.constdata)
    BluetoothTask_attributes                 0x080087cc   Data          36  freertos.o(.constdata)
    reg                                      0x080087f0   Data          27  inv_mpu.o(.constdata)
    hw                                       0x0800880c   Data          12  inv_mpu.o(.constdata)
    test                                     0x08008818   Data          40  inv_mpu.o(.constdata)
    __mathlib_zero                           0x08009520   Data           8  qnan.o(.constdata)
    Region$$Table$$Base                      0x08009550   Number         0  anon$$obj.o(Region$$Table)
    Region$$Table$$Limit                     0x08009570   Number         0  anon$$obj.o(Region$$Table)
    uwTickFreq                               0x20000000   Data           1  stm32f1xx_hal.o(.data)
    uwTickPrio                               0x20000004   Data           4  stm32f1xx_hal.o(.data)
    uwTick                                   0x20000008   Data           4  stm32f1xx_hal.o(.data)
    SystemCoreClock                          0x2000000c   Data           4  system_stm32f1xx.o(.data)
    ChassisTaskHandle                        0x20000010   Data           4  freertos.o(.data)
    GimbalTaskHandle                         0x20000014   Data           4  freertos.o(.data)
    BluetoothTaskHandle                      0x20000018   Data           4  freertos.o(.data)
    pxCurrentTCB                             0x2000001c   Data           4  tasks.o(.data)
    USART2_NewData                           0x20000094   Data           1  bluetooth.o(.data)
    USART2_RX_STA                            0x20000096   Data           2  bluetooth.o(.data)
    mpu6050_yaw_set                          0x200000d0   Data           4  chassis_move.o(.data)
    max_x                                    0x200000d4   Data           1  control.o(.data)
    max_y                                    0x200000d5   Data           1  control.o(.data)
    max_r                                    0x200000d6   Data           1  control.o(.data)
    max_pitch                                0x200000d7   Data           1  control.o(.data)
    max_yaw                                  0x200000d8   Data           1  control.o(.data)
    max_gripper                              0x200000d9   Data           1  control.o(.data)
    min_pitch                                0x200000da   Data           1  control.o(.data)
    min_yaw                                  0x200000db   Data           1  control.o(.data)
    min_gripper                              0x200000dc   Data           1  control.o(.data)
    Time_delay_press_USART2_RX_BUF           0x200000e0   Data           4  control.o(.data)
    i                                        0x200000e4   Data           4  control.o(.data)
    j                                        0x200000e8   Data           4  control.o(.data)
    flag                                     0x200000ec   Data           4  mpu_updata.o(.data)
    htim2                                    0x200000f0   Data          72  tim.o(.bss)
    htim3                                    0x20000138   Data          72  tim.o(.bss)
    htim4                                    0x20000180   Data          72  tim.o(.bss)
    hdma_tim4_ch1                            0x200001c8   Data          68  tim.o(.bss)
    huart2                                   0x2000020c   Data          72  usart.o(.bss)
    htim1                                    0x20000254   Data          72  stm32f1xx_hal_timebase_tim.o(.bss)
    xQueueRegistry                           0x2000029c   Data          64  queue.o(.bss)
    USART2_RX_BUF                            0x20001b70   Data         200  bluetooth.o(.bss)
    WS28xx                                   0x20001c38   Data         220  ws2812.o(.bss)
    mpu6050_set                              0x20001d24   Data          56  chassis_move.o(.bss)
    Global                                   0x20001d5c   Data          68  global.o(.bss)
    IMU_data                                 0x20001da0   Data          52  mpu_updata.o(.bss)
    x_                                       0x20001dd4   Data         800  mpu_updata.o(.bss)
    y_                                       0x200020f4   Data         800  mpu_updata.o(.bss)
    z_                                       0x20002414   Data         800  mpu_updata.o(.bss)
    __libspace_start                         0x20002734   Data          96  libspace.o(.bss)
    __temporary_stack_top$libspace           0x20002794   Data           0  libspace.o(.bss)



==============================================================================

Memory Map of the image

  Image Entry point : 0x080000ed

  Load Region LR_IROM1 (Base: 0x08000000, Size: 0x00009660, Max: 0x00010000, ABSOLUTE)

    Execution Region ER_IROM1 (Exec base: 0x08000000, Load base: 0x08000000, Size: 0x00009570, Max: 0x00010000, ABSOLUTE)

    Exec Addr    Load Addr    Size         Type   Attr      Idx    E Section Name        Object

    0x08000000   0x08000000   0x000000ec   Data   RO            3    RESET               startup_stm32f103xb.o
    0x080000ec   0x080000ec   0x00000008   Code   RO         5849  * !!!main             c_w.l(__main.o)
    0x080000f4   0x080000f4   0x00000034   Code   RO         6169    !!!scatter          c_w.l(__scatter.o)
    0x08000128   0x08000128   0x0000001a   Code   RO         6171    !!handler_copy      c_w.l(__scatter_copy.o)
    0x08000142   0x08000142   0x00000002   PAD
    0x08000144   0x08000144   0x0000001c   Code   RO         6173    !!handler_zi        c_w.l(__scatter_zi.o)
    0x08000160   0x08000160   0x00000002   Code   RO         6034    .ARM.Collect$$libinit$$00000000  c_w.l(libinit.o)
    0x08000162   0x08000162   0x00000000   Code   RO         6044    .ARM.Collect$$libinit$$00000002  c_w.l(libinit2.o)
    0x08000162   0x08000162   0x00000000   Code   RO         6046    .ARM.Collect$$libinit$$00000004  c_w.l(libinit2.o)
    0x08000162   0x08000162   0x00000000   Code   RO         6049    .ARM.Collect$$libinit$$0000000A  c_w.l(libinit2.o)
    0x08000162   0x08000162   0x00000000   Code   RO         6051    .ARM.Collect$$libinit$$0000000C  c_w.l(libinit2.o)
    0x08000162   0x08000162   0x00000000   Code   RO         6053    .ARM.Collect$$libinit$$0000000E  c_w.l(libinit2.o)
    0x08000162   0x08000162   0x00000000   Code   RO         6056    .ARM.Collect$$libinit$$00000011  c_w.l(libinit2.o)
    0x08000162   0x08000162   0x00000000   Code   RO         6058    .ARM.Collect$$libinit$$00000013  c_w.l(libinit2.o)
    0x08000162   0x08000162   0x00000000   Code   RO         6060    .ARM.Collect$$libinit$$00000015  c_w.l(libinit2.o)
    0x08000162   0x08000162   0x00000000   Code   RO         6062    .ARM.Collect$$libinit$$00000017  c_w.l(libinit2.o)
    0x08000162   0x08000162   0x00000000   Code   RO         6064    .ARM.Collect$$libinit$$00000019  c_w.l(libinit2.o)
    0x08000162   0x08000162   0x00000000   Code   RO         6066    .ARM.Collect$$libinit$$0000001B  c_w.l(libinit2.o)
    0x08000162   0x08000162   0x00000000   Code   RO         6068    .ARM.Collect$$libinit$$0000001D  c_w.l(libinit2.o)
    0x08000162   0x08000162   0x00000000   Code   RO         6070    .ARM.Collect$$libinit$$0000001F  c_w.l(libinit2.o)
    0x08000162   0x08000162   0x00000000   Code   RO         6072    .ARM.Collect$$libinit$$00000021  c_w.l(libinit2.o)
    0x08000162   0x08000162   0x00000000   Code   RO         6074    .ARM.Collect$$libinit$$00000023  c_w.l(libinit2.o)
    0x08000162   0x08000162   0x00000000   Code   RO         6076    .ARM.Collect$$libinit$$00000025  c_w.l(libinit2.o)
    0x08000162   0x08000162   0x00000000   Code   RO         6080    .ARM.Collect$$libinit$$0000002C  c_w.l(libinit2.o)
    0x08000162   0x08000162   0x00000000   Code   RO         6082    .ARM.Collect$$libinit$$0000002E  c_w.l(libinit2.o)
    0x08000162   0x08000162   0x00000000   Code   RO         6084    .ARM.Collect$$libinit$$00000030  c_w.l(libinit2.o)
    0x08000162   0x08000162   0x00000000   Code   RO         6086    .ARM.Collect$$libinit$$00000032  c_w.l(libinit2.o)
    0x08000162   0x08000162   0x00000002   Code   RO         6087    .ARM.Collect$$libinit$$00000033  c_w.l(libinit2.o)
    0x08000164   0x08000164   0x00000002   Code   RO         6117    .ARM.Collect$$libshutdown$$00000000  c_w.l(libshutdown.o)
    0x08000166   0x08000166   0x00000000   Code   RO         6134    .ARM.Collect$$libshutdown$$00000002  c_w.l(libshutdown2.o)
    0x08000166   0x08000166   0x00000000   Code   RO         6136    .ARM.Collect$$libshutdown$$00000004  c_w.l(libshutdown2.o)
    0x08000166   0x08000166   0x00000000   Code   RO         6138    .ARM.Collect$$libshutdown$$00000006  c_w.l(libshutdown2.o)
    0x08000166   0x08000166   0x00000000   Code   RO         6141    .ARM.Collect$$libshutdown$$00000009  c_w.l(libshutdown2.o)
    0x08000166   0x08000166   0x00000000   Code   RO         6144    .ARM.Collect$$libshutdown$$0000000C  c_w.l(libshutdown2.o)
    0x08000166   0x08000166   0x00000000   Code   RO         6146    .ARM.Collect$$libshutdown$$0000000E  c_w.l(libshutdown2.o)
    0x08000166   0x08000166   0x00000000   Code   RO         6149    .ARM.Collect$$libshutdown$$00000011  c_w.l(libshutdown2.o)
    0x08000166   0x08000166   0x00000002   Code   RO         6150    .ARM.Collect$$libshutdown$$00000012  c_w.l(libshutdown2.o)
    0x08000168   0x08000168   0x00000000   Code   RO         5923    .ARM.Collect$$rtentry$$00000000  c_w.l(__rtentry.o)
    0x08000168   0x08000168   0x00000000   Code   RO         5987    .ARM.Collect$$rtentry$$00000002  c_w.l(__rtentry2.o)
    0x08000168   0x08000168   0x00000006   Code   RO         5999    .ARM.Collect$$rtentry$$00000004  c_w.l(__rtentry4.o)
    0x0800016e   0x0800016e   0x00000000   Code   RO         5989    .ARM.Collect$$rtentry$$00000009  c_w.l(__rtentry2.o)
    0x0800016e   0x0800016e   0x00000004   Code   RO         5990    .ARM.Collect$$rtentry$$0000000A  c_w.l(__rtentry2.o)
    0x08000172   0x08000172   0x00000000   Code   RO         5992    .ARM.Collect$$rtentry$$0000000C  c_w.l(__rtentry2.o)
    0x08000172   0x08000172   0x00000008   Code   RO         5993    .ARM.Collect$$rtentry$$0000000D  c_w.l(__rtentry2.o)
    0x0800017a   0x0800017a   0x00000002   Code   RO         6037    .ARM.Collect$$rtexit$$00000000  c_w.l(rtexit.o)
    0x0800017c   0x0800017c   0x00000000   Code   RO         6089    .ARM.Collect$$rtexit$$00000002  c_w.l(rtexit2.o)
    0x0800017c   0x0800017c   0x00000004   Code   RO         6090    .ARM.Collect$$rtexit$$00000003  c_w.l(rtexit2.o)
    0x08000180   0x08000180   0x00000006   Code   RO         6091    .ARM.Collect$$rtexit$$00000004  c_w.l(rtexit2.o)
    0x08000186   0x08000186   0x00000002   PAD
    0x08000188   0x08000188   0x00000096   Code   RO         4513    .emb_text           port.o
    0x0800021e   0x0800021e   0x00000002   PAD
    0x08000220   0x08000220   0x00000040   Code   RO            4    .text               startup_stm32f103xb.o
    0x08000260   0x08000260   0x00000048   Code   RO         5835    .text               c_w.l(llsdiv.o)
    0x080002a8   0x080002a8   0x00000058   Code   RO         5837    .text               c_w.l(memcmp.o)
    0x08000300   0x08000300   0x0000008a   Code   RO         5839    .text               c_w.l(rt_memcpy_v6.o)
    0x0800038a   0x0800038a   0x00000010   Code   RO         5843    .text               c_w.l(aeabi_memset.o)
    0x0800039a   0x0800039a   0x0000004e   Code   RO         5845    .text               c_w.l(rt_memclr_w.o)
    0x080003e8   0x080003e8   0x00000006   Code   RO         5847    .text               c_w.l(heapauxi.o)
    0x080003ee   0x080003ee   0x000000ee   Code   RO         5924    .text               c_w.l(lludivv7m.o)
    0x080004dc   0x080004dc   0x00000016   Code   RO         5926    .text               c_w.l(_rserrno.o)
    0x080004f2   0x080004f2   0x00000064   Code   RO         5928    .text               c_w.l(rt_memcpy_w.o)
    0x08000556   0x08000556   0x00000044   Code   RO         5930    .text               c_w.l(rt_memclr.o)
    0x0800059a   0x0800059a   0x00000002   PAD
    0x0800059c   0x0800059c   0x00000008   Code   RO         6008    .text               c_w.l(rt_errno_addr_intlibspace.o)
    0x080005a4   0x080005a4   0x00000008   Code   RO         6020    .text               c_w.l(libspace.o)
    0x080005ac   0x080005ac   0x0000004a   Code   RO         6023    .text               c_w.l(sys_stackheap_outer.o)
    0x080005f6   0x080005f6   0x00000012   Code   RO         6027    .text               c_w.l(exit.o)
    0x08000608   0x08000608   0x0000000c   Code   RO         6105    .text               c_w.l(sys_exit.o)
    0x08000614   0x08000614   0x00000002   Code   RO         6122    .text               c_w.l(use_no_semi.o)
    0x08000616   0x08000616   0x00000000   Code   RO         6124    .text               c_w.l(indicate_semi.o)
    0x08000616   0x08000616   0x0000000c   Code   RO         2630    i.BluetoothTask_callback  freertos.o
    0x08000622   0x08000622   0x00000002   Code   RO         2835    i.BusFault_Handler  stm32f1xx_it.o
    0x08000624   0x08000624   0x0000000c   Code   RO         2631    i.ChassisTask_callback  freertos.o
    0x08000630   0x08000630   0x0000000c   Code   RO         2836    i.DMA1_Channel1_IRQHandler  stm32f1xx_it.o
    0x0800063c   0x0800063c   0x0000002a   Code   RO          514    i.DMA_SetConfig     stm32f1xx_hal_dma.o
    0x08000666   0x08000666   0x00000002   Code   RO         2837    i.DebugMon_Handler  stm32f1xx_it.o
    0x08000668   0x08000668   0x00000004   Code   RO         2485    i.Error_Handler     main.o
    0x0800066c   0x0800066c   0x00000004   Code   RO         5753    i.Get_sys_time_ms   stm32tim.o
    0x08000670   0x08000670   0x0000000c   Code   RO         2632    i.GimbalTask_callback  freertos.o
    0x0800067c   0x0800067c   0x00000030   Code   RO         5552    i.Global_init       control.o
    0x080006ac   0x080006ac   0x000000c4   Code   RO         5689    i.Gyroscope_calibration  mpu_updata.o
    0x08000770   0x08000770   0x00000046   Code   RO          515    i.HAL_DMA_Abort     stm32f1xx_hal_dma.o
    0x080007b6   0x080007b6   0x00000002   PAD
    0x080007b8   0x080007b8   0x00000098   Code   RO          516    i.HAL_DMA_Abort_IT  stm32f1xx_hal_dma.o
    0x08000850   0x08000850   0x00000154   Code   RO          520    i.HAL_DMA_IRQHandler  stm32f1xx_hal_dma.o
    0x080009a4   0x080009a4   0x0000005c   Code   RO          521    i.HAL_DMA_Init      stm32f1xx_hal_dma.o
    0x08000a00   0x08000a00   0x00000070   Code   RO          525    i.HAL_DMA_Start_IT  stm32f1xx_hal_dma.o
    0x08000a70   0x08000a70   0x00000024   Code   RO          141    i.HAL_Delay         stm32f1xx_hal.o
    0x08000a94   0x08000a94   0x000001e0   Code   RO          451    i.HAL_GPIO_Init     stm32f1xx_hal_gpio.o
    0x08000c74   0x08000c74   0x0000000a   Code   RO          453    i.HAL_GPIO_ReadPin  stm32f1xx_hal_gpio.o
    0x08000c7e   0x08000c7e   0x0000000a   Code   RO          455    i.HAL_GPIO_WritePin  stm32f1xx_hal_gpio.o
    0x08000c88   0x08000c88   0x0000000c   Code   RO          145    i.HAL_GetTick       stm32f1xx_hal.o
    0x08000c94   0x08000c94   0x00000010   Code   RO          151    i.HAL_IncTick       stm32f1xx_hal.o
    0x08000ca4   0x08000ca4   0x00000024   Code   RO          152    i.HAL_Init          stm32f1xx_hal.o
    0x08000cc8   0x08000cc8   0x0000008c   Code   RO         2935    i.HAL_InitTick      stm32f1xx_hal_timebase_tim.o
    0x08000d54   0x08000d54   0x00000048   Code   RO         2911    i.HAL_MspInit       stm32f1xx_hal_msp.o
    0x08000d9c   0x08000d9c   0x0000001a   Code   RO          611    i.HAL_NVIC_EnableIRQ  stm32f1xx_hal_cortex.o
    0x08000db6   0x08000db6   0x00000002   PAD
    0x08000db8   0x08000db8   0x00000040   Code   RO          617    i.HAL_NVIC_SetPriority  stm32f1xx_hal_cortex.o
    0x08000df8   0x08000df8   0x00000024   Code   RO          618    i.HAL_NVIC_SetPriorityGrouping  stm32f1xx_hal_cortex.o
    0x08000e1c   0x08000e1c   0x0000012c   Code   RO          309    i.HAL_RCC_ClockConfig  stm32f1xx_hal_rcc.o
    0x08000f48   0x08000f48   0x00000040   Code   RO          313    i.HAL_RCC_GetClockConfig  stm32f1xx_hal_rcc.o
    0x08000f88   0x08000f88   0x00000020   Code   RO          316    i.HAL_RCC_GetPCLK1Freq  stm32f1xx_hal_rcc.o
    0x08000fa8   0x08000fa8   0x00000020   Code   RO          317    i.HAL_RCC_GetPCLK2Freq  stm32f1xx_hal_rcc.o
    0x08000fc8   0x08000fc8   0x0000004c   Code   RO          318    i.HAL_RCC_GetSysClockFreq  stm32f1xx_hal_rcc.o
    0x08001014   0x08001014   0x00000320   Code   RO          321    i.HAL_RCC_OscConfig  stm32f1xx_hal_rcc.o
    0x08001334   0x08001334   0x00000002   Code   RO         1817    i.HAL_TIMEx_BreakCallback  stm32f1xx_hal_tim_ex.o
    0x08001336   0x08001336   0x00000002   Code   RO         1818    i.HAL_TIMEx_CommutCallback  stm32f1xx_hal_tim_ex.o
    0x08001338   0x08001338   0x00000068   Code   RO         1836    i.HAL_TIMEx_MasterConfigSynchronization  stm32f1xx_hal_tim_ex.o
    0x080013a0   0x080013a0   0x0000005a   Code   RO         1113    i.HAL_TIM_Base_Init  stm32f1xx_hal_tim.o
    0x080013fa   0x080013fa   0x00000002   PAD
    0x080013fc   0x080013fc   0x0000003c   Code   RO         2722    i.HAL_TIM_Base_MspInit  tim.o
    0x08001438   0x08001438   0x00000058   Code   RO         1118    i.HAL_TIM_Base_Start_IT  stm32f1xx_hal_tim.o
    0x08001490   0x08001490   0x000000dc   Code   RO         1122    i.HAL_TIM_ConfigClockSource  stm32f1xx_hal_tim.o
    0x0800156c   0x0800156c   0x00000002   Code   RO         1143    i.HAL_TIM_ErrorCallback  stm32f1xx_hal_tim.o
    0x0800156e   0x0800156e   0x00000002   Code   RO         1147    i.HAL_TIM_IC_CaptureCallback  stm32f1xx_hal_tim.o
    0x08001570   0x08001570   0x00000166   Code   RO         1161    i.HAL_TIM_IRQHandler  stm32f1xx_hal_tim.o
    0x080016d6   0x080016d6   0x00000002   PAD
    0x080016d8   0x080016d8   0x000000f8   Code   RO         2723    i.HAL_TIM_MspPostInit  tim.o
    0x080017d0   0x080017d0   0x00000002   Code   RO         1164    i.HAL_TIM_OC_DelayElapsedCallback  stm32f1xx_hal_tim.o
    0x080017d2   0x080017d2   0x000000cc   Code   RO         1185    i.HAL_TIM_PWM_ConfigChannel  stm32f1xx_hal_tim.o
    0x0800189e   0x0800189e   0x0000005a   Code   RO         1188    i.HAL_TIM_PWM_Init  stm32f1xx_hal_tim.o
    0x080018f8   0x080018f8   0x00000058   Code   RO         2725    i.HAL_TIM_PWM_MspInit  tim.o
    0x08001950   0x08001950   0x00000002   Code   RO         1191    i.HAL_TIM_PWM_PulseFinishedCallback  stm32f1xx_hal_tim.o
    0x08001952   0x08001952   0x00000002   Code   RO         1192    i.HAL_TIM_PWM_PulseFinishedHalfCpltCallback  stm32f1xx_hal_tim.o
    0x08001954   0x08001954   0x0000009c   Code   RO         1193    i.HAL_TIM_PWM_Start  stm32f1xx_hal_tim.o
    0x080019f0   0x080019f0   0x00000194   Code   RO         1194    i.HAL_TIM_PWM_Start_DMA  stm32f1xx_hal_tim.o
    0x08001b84   0x08001b84   0x00000014   Code   RO         2486    i.HAL_TIM_PeriodElapsedCallback  main.o
    0x08001b98   0x08001b98   0x00000002   Code   RO         1204    i.HAL_TIM_TriggerCallback  stm32f1xx_hal_tim.o
    0x08001b9a   0x08001b9a   0x00000002   Code   RO         2096    i.HAL_UARTEx_RxEventCallback  stm32f1xx_hal_uart.o
    0x08001b9c   0x08001b9c   0x00000002   Code   RO         2110    i.HAL_UART_ErrorCallback  stm32f1xx_hal_uart.o
    0x08001b9e   0x08001b9e   0x00000002   PAD
    0x08001ba0   0x08001ba0   0x0000026c   Code   RO         2113    i.HAL_UART_IRQHandler  stm32f1xx_hal_uart.o
    0x08001e0c   0x08001e0c   0x00000064   Code   RO         2114    i.HAL_UART_Init     stm32f1xx_hal_uart.o
    0x08001e70   0x08001e70   0x00000080   Code   RO         2794    i.HAL_UART_MspInit  usart.o
    0x08001ef0   0x08001ef0   0x0000001c   Code   RO         2119    i.HAL_UART_Receive_IT  stm32f1xx_hal_uart.o
    0x08001f0c   0x08001f0c   0x00000048   Code   RO         4665    i.HAL_UART_RxCpltCallback  bluetooth.o
    0x08001f54   0x08001f54   0x00000002   Code   RO         2125    i.HAL_UART_TxCpltCallback  stm32f1xx_hal_uart.o
    0x08001f56   0x08001f56   0x00000002   Code   RO         2838    i.HardFault_Handler  stm32f1xx_it.o
    0x08001f58   0x08001f58   0x00000048   Code   RO         4760    i.IIC_Ack           iic.o
    0x08001fa0   0x08001fa0   0x0000000c   Code   RO         4762    i.IIC_Delay         iic.o
    0x08001fac   0x08001fac   0x0000003c   Code   RO         4763    i.IIC_GPIO_Init     iic.o
    0x08001fe8   0x08001fe8   0x00000038   Code   RO         4764    i.IIC_NAck          iic.o
    0x08002020   0x08002020   0x00000064   Code   RO         4765    i.IIC_Read_Byte     iic.o
    0x08002084   0x08002084   0x00000068   Code   RO         4766    i.IIC_Send_Byte     iic.o
    0x080020ec   0x080020ec   0x00000044   Code   RO         4767    i.IIC_Start         iic.o
    0x08002130   0x08002130   0x00000034   Code   RO         4768    i.IIC_Stop          iic.o
    0x08002164   0x08002164   0x0000004c   Code   RO         4769    i.IIC_Wait_Ack      iic.o
    0x080021b0   0x080021b0   0x00000032   Code   RO         5392    i.MPU_Get_Accelerometer  mpu6050.o
    0x080021e2   0x080021e2   0x00000032   Code   RO         5393    i.MPU_Get_Gyroscope  mpu6050.o
    0x08002214   0x08002214   0x00000044   Code   RO         5394    i.MPU_Get_Temperature  mpu6050.o
    0x08002258   0x08002258   0x00000076   Code   RO         5395    i.MPU_Init          mpu6050.o
    0x080022ce   0x080022ce   0x0000003a   Code   RO         5396    i.MPU_Read_Byte     mpu6050.o
    0x08002308   0x08002308   0x0000006c   Code   RO         5397    i.MPU_Read_Len      mpu6050.o
    0x08002374   0x08002374   0x0000000a   Code   RO         5398    i.MPU_Set_Accel_Fsr  mpu6050.o
    0x0800237e   0x0800237e   0x0000000a   Code   RO         5399    i.MPU_Set_Gyro_Fsr  mpu6050.o
    0x08002388   0x08002388   0x00000030   Code   RO         5400    i.MPU_Set_LPF       mpu6050.o
    0x080023b8   0x080023b8   0x0000002e   Code   RO         5401    i.MPU_Set_Rate      mpu6050.o
    0x080023e6   0x080023e6   0x0000003c   Code   RO         5402    i.MPU_Write_Byte    mpu6050.o
    0x08002422   0x08002422   0x00000052   Code   RO         5403    i.MPU_Write_Len     mpu6050.o
    0x08002474   0x08002474   0x0000002c   Code   RO         2697    i.MX_DMA_Init       dma.o
    0x080024a0   0x080024a0   0x00000044   Code   RO         2633    i.MX_FREERTOS_Init  freertos.o
    0x080024e4   0x080024e4   0x000000c0   Code   RO         2602    i.MX_GPIO_Init      gpio.o
    0x080025a4   0x080025a4   0x000000c8   Code   RO         2726    i.MX_TIM2_Init      tim.o
    0x0800266c   0x0800266c   0x000000c8   Code   RO         2727    i.MX_TIM3_Init      tim.o
    0x08002734   0x08002734   0x00000070   Code   RO         2728    i.MX_TIM4_Init      tim.o
    0x080027a4   0x080027a4   0x00000038   Code   RO         2795    i.MX_USART2_UART_Init  usart.o
    0x080027dc   0x080027dc   0x00000002   Code   RO         2839    i.MemManage_Handler  stm32f1xx_it.o
    0x080027de   0x080027de   0x00000002   PAD
    0x080027e0   0x080027e0   0x0000002c   Code   RO         4632    i.Motor_Init        motor.o
    0x0800280c   0x0800280c   0x00000140   Code   RO         4633    i.Motor_SetCurrent  motor.o
    0x0800294c   0x0800294c   0x00000002   Code   RO         2840    i.NMI_Handler       stm32f1xx_it.o
    0x0800294e   0x0800294e   0x00000002   PAD
    0x08002950   0x08002950   0x00000058   Code   RO         4593    i.ServoCtrl         servo.o
    0x080029a8   0x080029a8   0x0000002c   Code   RO         4595    i.Servo_Init        servo.o
    0x080029d4   0x080029d4   0x00000044   Code   RO         5481    i.SetMotorCurrent   chassis_move.o
    0x08002a18   0x08002a18   0x0000004c   Code   RO         5482    i.SetMotorSpeed     chassis_move.o
    0x08002a64   0x08002a64   0x0000002c   Code   RO         4514    i.SysTick_Handler   port.o
    0x08002a90   0x08002a90   0x0000005e   Code   RO         2487    i.SystemClock_Config  main.o
    0x08002aee   0x08002aee   0x00000002   Code   RO         2448    i.SystemInit        system_stm32f1xx.o
    0x08002af0   0x08002af0   0x0000000c   Code   RO         2841    i.TIM1_UP_IRQHandler  stm32f1xx_it.o
    0x08002afc   0x08002afc   0x0000006c   Code   RO         1206    i.TIM_Base_SetConfig  stm32f1xx_hal_tim.o
    0x08002b68   0x08002b68   0x0000001a   Code   RO         1207    i.TIM_CCxChannelCmd  stm32f1xx_hal_tim.o
    0x08002b82   0x08002b82   0x0000005e   Code   RO         1210    i.TIM_DMADelayPulseCplt  stm32f1xx_hal_tim.o
    0x08002be0   0x08002be0   0x00000038   Code   RO         1211    i.TIM_DMADelayPulseHalfCplt  stm32f1xx_hal_tim.o
    0x08002c18   0x08002c18   0x00000054   Code   RO         1212    i.TIM_DMAError      stm32f1xx_hal_tim.o
    0x08002c6c   0x08002c6c   0x00000014   Code   RO         1217    i.TIM_ETR_SetConfig  stm32f1xx_hal_tim.o
    0x08002c80   0x08002c80   0x00000010   Code   RO         1218    i.TIM_ITRx_SetConfig  stm32f1xx_hal_tim.o
    0x08002c90   0x08002c90   0x00000050   Code   RO         1219    i.TIM_OC1_SetConfig  stm32f1xx_hal_tim.o
    0x08002ce0   0x08002ce0   0x00000058   Code   RO         1220    i.TIM_OC2_SetConfig  stm32f1xx_hal_tim.o
    0x08002d38   0x08002d38   0x00000058   Code   RO         1221    i.TIM_OC3_SetConfig  stm32f1xx_hal_tim.o
    0x08002d90   0x08002d90   0x00000044   Code   RO         1222    i.TIM_OC4_SetConfig  stm32f1xx_hal_tim.o
    0x08002dd4   0x08002dd4   0x00000022   Code   RO         1224    i.TIM_TI1_ConfigInputStage  stm32f1xx_hal_tim.o
    0x08002df6   0x08002df6   0x00000024   Code   RO         1226    i.TIM_TI2_ConfigInputStage  stm32f1xx_hal_tim.o
    0x08002e1a   0x08002e1a   0x00000010   Code   RO         2127    i.UART_DMAAbortOnError  stm32f1xx_hal_uart.o
    0x08002e2a   0x08002e2a   0x0000004e   Code   RO         2137    i.UART_EndRxTransfer  stm32f1xx_hal_uart.o
    0x08002e78   0x08002e78   0x000000c2   Code   RO         2139    i.UART_Receive_IT   stm32f1xx_hal_uart.o
    0x08002f3a   0x08002f3a   0x00000002   PAD
    0x08002f3c   0x08002f3c   0x000000b8   Code   RO         2140    i.UART_SetConfig    stm32f1xx_hal_uart.o
    0x08002ff4   0x08002ff4   0x00000036   Code   RO         2142    i.UART_Start_Receive_IT  stm32f1xx_hal_uart.o
    0x0800302a   0x0800302a   0x00000002   PAD
    0x0800302c   0x0800302c   0x0000000c   Code   RO         2842    i.USART2_IRQHandler  stm32f1xx_it.o
    0x08003038   0x08003038   0x00000002   Code   RO         2843    i.UsageFault_Handler  stm32f1xx_it.o
    0x0800303a   0x0800303a   0x00000002   PAD
    0x0800303c   0x0800303c   0x00000038   Code   RO         4700    i.WS28xx_TypeStructInit  ws2812.o
    0x08003074   0x08003074   0x00000028   Code   RO         5973    i.__ARM_fpclassify  m_ws.l(fpclassify.o)
    0x0800309c   0x0800309c   0x00000078   Code   RO         4701    i.__GetPixelColor_RGB  ws2812.o
    0x08003114   0x08003114   0x00000020   Code   RO          624    i.__NVIC_SetPriority  stm32f1xx_hal_cortex.o
    0x08003134   0x08003134   0x00000034   Code   RO         4702    i.__SetALLColor_RGB  ws2812.o
    0x08003168   0x08003168   0x00000040   Code   RO         4703    i.__SetPixelColor_From_RGB_Buffer  ws2812.o
    0x080031a8   0x080031a8   0x0000005c   Code   RO         4704    i.__SetPixelColor_RGB  ws2812.o
    0x08003204   0x08003204   0x000000aa   Code   RO         5975    i.__kernel_poly     m_ws.l(poly.o)
    0x080032ae   0x080032ae   0x00000006   Code   RO         5960    i.__mathlib_dbl_infnan  m_ws.l(dunder.o)
    0x080032b4   0x080032b4   0x00000004   Code   RO         5961    i.__mathlib_dbl_infnan2  m_ws.l(dunder.o)
    0x080032b8   0x080032b8   0x0000000c   Code   RO         5962    i.__mathlib_dbl_invalid  m_ws.l(dunder.o)
    0x080032c4   0x080032c4   0x00000010   Code   RO         5965    i.__mathlib_dbl_underflow  m_ws.l(dunder.o)
    0x080032d4   0x080032d4   0x00000014   Code   RO         4705    i.__show            ws2812.o
    0x080032e8   0x080032e8   0x00000080   Code   RO         4843    i.accel_self_test   inv_mpu.o
    0x08003368   0x08003368   0x00000270   Code   RO         5906    i.asin              m_ws.l(asin.o)
    0x080035d8   0x080035d8   0x00000220   Code   RO         5950    i.atan              m_ws.l(atan.o)
    0x080037f8   0x080037f8   0x0000019c   Code   RO         5916    i.atan2             m_ws.l(atan2.o)
    0x08003994   0x08003994   0x000000fe   Code   RO         5690    i.calculate_slope_and_intercept  mpu_updata.o
    0x08003a92   0x08003a92   0x00000002   PAD
    0x08003a94   0x08003a94   0x00000030   Code   RO         5483    i.chassis_move_init  chassis_move.o
    0x08003ac4   0x08003ac4   0x00000070   Code   RO         5484    i.chassis_set_speed  chassis_move.o
    0x08003b34   0x08003b34   0x00000198   Code   RO         5553    i.control_tack      control.o
    0x08003ccc   0x08003ccc   0x00000036   Code   RO         5822    i.data_limit        limit.o
    0x08003d02   0x08003d02   0x0000003a   Code   RO         5203    i.dmp_enable_6x_lp_quat  inv_mpu_dmp_motion_driver.o
    0x08003d3c   0x08003d3c   0x000001d8   Code   RO         5204    i.dmp_enable_feature  inv_mpu_dmp_motion_driver.o
    0x08003f14   0x08003f14   0x0000003c   Code   RO         5205    i.dmp_enable_gyro_cal  inv_mpu_dmp_motion_driver.o
    0x08003f50   0x08003f50   0x0000003a   Code   RO         5206    i.dmp_enable_lp_quat  inv_mpu_dmp_motion_driver.o
    0x08003f8a   0x08003f8a   0x00000002   PAD
    0x08003f8c   0x08003f8c   0x00000014   Code   RO         5211    i.dmp_load_motion_driver_firmware  inv_mpu_dmp_motion_driver.o
    0x08003fa0   0x08003fa0   0x00000164   Code   RO         5212    i.dmp_read_fifo     inv_mpu_dmp_motion_driver.o
    0x08004104   0x08004104   0x000000d8   Code   RO         5215    i.dmp_set_accel_bias  inv_mpu_dmp_motion_driver.o
    0x080041dc   0x080041dc   0x00000064   Code   RO         5216    i.dmp_set_fifo_rate  inv_mpu_dmp_motion_driver.o
    0x08004240   0x08004240   0x000000cc   Code   RO         5217    i.dmp_set_gyro_bias  inv_mpu_dmp_motion_driver.o
    0x0800430c   0x0800430c   0x0000010c   Code   RO         5219    i.dmp_set_orientation  inv_mpu_dmp_motion_driver.o
    0x08004418   0x08004418   0x00000030   Code   RO         5222    i.dmp_set_shake_reject_thresh  inv_mpu_dmp_motion_driver.o
    0x08004448   0x08004448   0x00000020   Code   RO         5223    i.dmp_set_shake_reject_time  inv_mpu_dmp_motion_driver.o
    0x08004468   0x08004468   0x00000020   Code   RO         5224    i.dmp_set_shake_reject_timeout  inv_mpu_dmp_motion_driver.o
    0x08004488   0x08004488   0x00000040   Code   RO         5225    i.dmp_set_tap_axes  inv_mpu_dmp_motion_driver.o
    0x080044c8   0x080044c8   0x00000022   Code   RO         5226    i.dmp_set_tap_count  inv_mpu_dmp_motion_driver.o
    0x080044ea   0x080044ea   0x00000002   PAD
    0x080044ec   0x080044ec   0x00000128   Code   RO         5227    i.dmp_set_tap_thresh  inv_mpu_dmp_motion_driver.o
    0x08004614   0x08004614   0x00000020   Code   RO         5228    i.dmp_set_tap_time  inv_mpu_dmp_motion_driver.o
    0x08004634   0x08004634   0x00000020   Code   RO         5229    i.dmp_set_tap_time_multi  inv_mpu_dmp_motion_driver.o
    0x08004654   0x08004654   0x000000ac   Code   RO         4844    i.get_accel_prod_shift  inv_mpu.o
    0x08004700   0x08004700   0x00000314   Code   RO         4845    i.get_st_biases     inv_mpu.o
    0x08004a14   0x08004a14   0x000000d4   Code   RO         4846    i.gyro_self_test    inv_mpu.o
    0x08004ae8   0x08004ae8   0x00000022   Code   RO         4847    i.inv_orientation_matrix_to_scalar  inv_mpu.o
    0x08004b0a   0x08004b0a   0x00000048   Code   RO         4848    i.inv_row_2_scale   inv_mpu.o
    0x08004b52   0x08004b52   0x00000082   Code   RO         5485    i.limitSpeed        chassis_move.o
    0x08004bd4   0x08004bd4   0x00000044   Code   RO         5795    i.lowPassFilter     pid.o
    0x08004c18   0x08004c18   0x00000058   Code   RO         2488    i.main              main.o
    0x08004c70   0x08004c70   0x00000002   Code   RO         4849    i.mget_ms           inv_mpu.o
    0x08004c72   0x08004c72   0x0000000e   Code   RO         5691    i.mpu6050_Init      mpu_updata.o
    0x08004c80   0x08004c80   0x0000003c   Code   RO         5692    i.mpu6050_updata    mpu_updata.o
    0x08004cbc   0x08004cbc   0x00000054   Code   RO         4850    i.mpu_configure_fifo  inv_mpu.o
    0x08004d10   0x08004d10   0x00000198   Code   RO         4851    i.mpu_dmp_get_data  inv_mpu.o
    0x08004ea8   0x08004ea8   0x000000a4   Code   RO         4852    i.mpu_dmp_init      inv_mpu.o
    0x08004f4c   0x08004f4c   0x0000003c   Code   RO         4853    i.mpu_get_accel_fsr  inv_mpu.o
    0x08004f88   0x08004f88   0x00000044   Code   RO         4855    i.mpu_get_accel_sens  inv_mpu.o
    0x08004fcc   0x08004fcc   0x00000034   Code   RO         4861    i.mpu_get_gyro_fsr  inv_mpu.o
    0x08005000   0x08005000   0x00000040   Code   RO         4863    i.mpu_get_gyro_sens  inv_mpu.o
    0x08005040   0x08005040   0x00000038   Code   RO         4865    i.mpu_get_lpf       inv_mpu.o
    0x08005078   0x08005078   0x0000001c   Code   RO         4867    i.mpu_get_sample_rate  inv_mpu.o
    0x08005094   0x08005094   0x00000124   Code   RO         4869    i.mpu_init          inv_mpu.o
    0x080051b8   0x080051b8   0x000000a0   Code   RO         4870    i.mpu_load_firmware  inv_mpu.o
    0x08005258   0x08005258   0x000000b8   Code   RO         4871    i.mpu_lp_accel_mode  inv_mpu.o
    0x08005310   0x08005310   0x00000090   Code   RO         4874    i.mpu_read_fifo_stream  inv_mpu.o
    0x080053a0   0x080053a0   0x00000054   Code   RO         4875    i.mpu_read_mem      inv_mpu.o
    0x080053f4   0x080053f4   0x00000160   Code   RO         4878    i.mpu_reset_fifo    inv_mpu.o
    0x08005554   0x08005554   0x000000f0   Code   RO         4879    i.mpu_run_self_test  inv_mpu.o
    0x08005644   0x08005644   0x00000068   Code   RO         4881    i.mpu_set_accel_fsr  inv_mpu.o
    0x080056ac   0x080056ac   0x000000dc   Code   RO         4882    i.mpu_set_bypass    inv_mpu.o
    0x08005788   0x08005788   0x00000078   Code   RO         4884    i.mpu_set_dmp_state  inv_mpu.o
    0x08005800   0x08005800   0x0000006c   Code   RO         4885    i.mpu_set_gyro_fsr  inv_mpu.o
    0x0800586c   0x0800586c   0x00000064   Code   RO         4886    i.mpu_set_int_latched  inv_mpu.o
    0x080058d0   0x080058d0   0x0000006c   Code   RO         4888    i.mpu_set_lpf       inv_mpu.o
    0x0800593c   0x0800593c   0x00000080   Code   RO         4889    i.mpu_set_sample_rate  inv_mpu.o
    0x080059bc   0x080059bc   0x000000b8   Code   RO         4890    i.mpu_set_sensors   inv_mpu.o
    0x08005a74   0x08005a74   0x00000054   Code   RO         4891    i.mpu_write_mem     inv_mpu.o
    0x08005ac8   0x08005ac8   0x00000034   Code   RO         4043    i.osDelay           cmsis_os2.o
    0x08005afc   0x08005afc   0x00000038   Code   RO         4057    i.osKernelInitialize  cmsis_os2.o
    0x08005b34   0x08005b34   0x00000040   Code   RO         4060    i.osKernelStart     cmsis_os2.o
    0x08005b74   0x08005b74   0x000000a4   Code   RO         4094    i.osThreadNew       cmsis_os2.o
    0x08005c18   0x08005c18   0x000000e8   Code   RO         5796    i.pid_cal           pid.o
    0x08005d00   0x08005d00   0x00000010   Code   RO         5797    i.pid_set           pid.o
    0x08005d10   0x08005d10   0x0000005c   Code   RO         3539    i.prvAddCurrentTaskToDelayedList  tasks.o
    0x08005d6c   0x08005d6c   0x000000d0   Code   RO         3540    i.prvAddNewTaskToReadyList  tasks.o
    0x08005e3c   0x08005e3c   0x00000058   Code   RO         3889    i.prvCheckForValidListAndQueue  timers.o
    0x08005e94   0x08005e94   0x00000026   Code   RO         3142    i.prvCopyDataFromQueue  queue.o
    0x08005eba   0x08005eba   0x0000006c   Code   RO         3143    i.prvCopyDataToQueue  queue.o
    0x08005f26   0x08005f26   0x00000034   Code   RO         3541    i.prvDeleteTCB      tasks.o
    0x08005f5a   0x08005f5a   0x00000002   PAD
    0x08005f5c   0x08005f5c   0x0000004c   Code   RO         4464    i.prvHeapInit       heap_4.o
    0x08005fa8   0x08005fa8   0x00000060   Code   RO         3542    i.prvIdleTask       tasks.o
    0x08006008   0x08006008   0x00000022   Code   RO         3145    i.prvInitialiseNewQueue  queue.o
    0x0800602a   0x0800602a   0x0000009c   Code   RO         3543    i.prvInitialiseNewTask  tasks.o
    0x080060c6   0x080060c6   0x00000002   PAD
    0x080060c8   0x080060c8   0x0000004c   Code   RO         4465    i.prvInsertBlockIntoFreeList  heap_4.o
    0x08006114   0x08006114   0x00000038   Code   RO         3891    i.prvInsertTimerInActiveList  timers.o
    0x0800614c   0x0800614c   0x0000001c   Code   RO         3146    i.prvIsQueueEmpty   queue.o
    0x08006168   0x08006168   0x000000cc   Code   RO         3892    i.prvProcessReceivedCommands  timers.o
    0x08006234   0x08006234   0x000000b4   Code   RO         3893    i.prvProcessTimerOrBlockTask  timers.o
    0x080062e8   0x080062e8   0x00000020   Code   RO         3545    i.prvResetNextTaskUnblockTime  tasks.o
    0x08006308   0x08006308   0x00000028   Code   RO         3894    i.prvSampleTimeNow  timers.o
    0x08006330   0x08006330   0x0000006c   Code   RO         3895    i.prvSwitchTimerLists  timers.o
    0x0800639c   0x0800639c   0x00000028   Code   RO         4515    i.prvTaskExitError  port.o
    0x080063c4   0x080063c4   0x00000024   Code   RO         3896    i.prvTimerTask      timers.o
    0x080063e8   0x080063e8   0x0000006a   Code   RO         3147    i.prvUnlockQueue    queue.o
    0x08006452   0x08006452   0x00000002   PAD
    0x08006454   0x08006454   0x000000d8   Code   RO         4466    i.pvPortMalloc      heap_4.o
    0x0800652c   0x0800652c   0x00000024   Code   RO         4516    i.pxPortInitialiseStack  port.o
    0x08006550   0x08006550   0x00000038   Code   RO         5624    i.robot_arm_set     robot_arm.o
    0x08006588   0x08006588   0x00000080   Code   RO         4892    i.run_self_test     inv_mpu.o
    0x08006608   0x08006608   0x00000058   Code   RO         4893    i.set_int_enable    inv_mpu.o
    0x08006660   0x08006660   0x0000004c   Code   RO         5979    i.sqrt              m_ws.l(sqrt.o)
    0x080066ac   0x080066ac   0x00000026   Code   RO         3102    i.uxListRemove      list.o
    0x080066d2   0x080066d2   0x00000002   PAD
    0x080066d4   0x080066d4   0x00000014   Code   RO         4106    i.vApplicationGetIdleTaskMemory  cmsis_os2.o
    0x080066e8   0x080066e8   0x00000018   Code   RO         4107    i.vApplicationGetTimerTaskMemory  cmsis_os2.o
    0x08006700   0x08006700   0x00000016   Code   RO         3103    i.vListInitialise   list.o
    0x08006716   0x08006716   0x00000006   Code   RO         3104    i.vListInitialiseItem  list.o
    0x0800671c   0x0800671c   0x00000030   Code   RO         3105    i.vListInsert       list.o
    0x0800674c   0x0800674c   0x00000018   Code   RO         3106    i.vListInsertEnd    list.o
    0x08006764   0x08006764   0x00000040   Code   RO         4518    i.vPortEnterCritical  port.o
    0x080067a4   0x080067a4   0x00000028   Code   RO         4519    i.vPortExitCritical  port.o
    0x080067cc   0x080067cc   0x0000005c   Code   RO         4467    i.vPortFree         heap_4.o
    0x08006828   0x08006828   0x00000024   Code   RO         4520    i.vPortSetupTimerInterrupt  port.o
    0x0800684c   0x0800684c   0x00000054   Code   RO         4521    i.vPortValidateInterruptPriority  port.o
    0x080068a0   0x080068a0   0x00000028   Code   RO         3153    i.vQueueAddToRegistry  queue.o
    0x080068c8   0x080068c8   0x00000044   Code   RO         3157    i.vQueueWaitForMessageRestricted  queue.o
    0x0800690c   0x0800690c   0x0000004c   Code   RO         3557    i.vTaskDelay        tasks.o
    0x08006958   0x08006958   0x00000010   Code   RO         3562    i.vTaskInternalSetTimeOutState  tasks.o
    0x08006968   0x08006968   0x0000000c   Code   RO         3563    i.vTaskMissedYield  tasks.o
    0x08006974   0x08006974   0x00000030   Code   RO         3565    i.vTaskPlaceOnEventList  tasks.o
    0x080069a4   0x080069a4   0x00000038   Code   RO         3566    i.vTaskPlaceOnEventListRestricted  tasks.o
    0x080069dc   0x080069dc   0x00000088   Code   RO         3574    i.vTaskStartScheduler  tasks.o
    0x08006a64   0x08006a64   0x00000010   Code   RO         3576    i.vTaskSuspendAll   tasks.o
    0x08006a74   0x08006a74   0x00000064   Code   RO         3577    i.vTaskSwitchContext  tasks.o
    0x08006ad8   0x08006ad8   0x000000a8   Code   RO         4522    i.xPortStartScheduler  port.o
    0x08006b80   0x08006b80   0x00000066   Code   RO         3163    i.xQueueGenericCreateStatic  queue.o
    0x08006be6   0x08006be6   0x00000002   PAD
    0x08006be8   0x08006be8   0x00000088   Code   RO         3164    i.xQueueGenericReset  queue.o
    0x08006c70   0x08006c70   0x00000160   Code   RO         3165    i.xQueueGenericSend  queue.o
    0x08006dd0   0x08006dd0   0x000000bc   Code   RO         3166    i.xQueueGenericSendFromISR  queue.o
    0x08006e8c   0x08006e8c   0x00000138   Code   RO         3175    i.xQueueReceive     queue.o
    0x08006fc4   0x08006fc4   0x00000074   Code   RO         3578    i.xTaskCheckForTimeOut  tasks.o
    0x08007038   0x08007038   0x0000005a   Code   RO         3579    i.xTaskCreate       tasks.o
    0x08007092   0x08007092   0x00000056   Code   RO         3580    i.xTaskCreateStatic  tasks.o
    0x080070e8   0x080070e8   0x0000001c   Code   RO         3584    i.xTaskGetSchedulerState  tasks.o
    0x08007104   0x08007104   0x0000000c   Code   RO         3585    i.xTaskGetTickCount  tasks.o
    0x08007110   0x08007110   0x000000c8   Code   RO         3587    i.xTaskIncrementTick  tasks.o
    0x080071d8   0x080071d8   0x00000080   Code   RO         3590    i.xTaskPriorityDisinherit  tasks.o
    0x08007258   0x08007258   0x00000070   Code   RO         3592    i.xTaskRemoveFromEventList  tasks.o
    0x080072c8   0x080072c8   0x000000c4   Code   RO         3593    i.xTaskResumeAll    tasks.o
    0x0800738c   0x0800738c   0x00000060   Code   RO         3903    i.xTimerCreateTimerTask  timers.o
    0x080073ec   0x080073ec   0x00000068   Code   RO         3904    i.xTimerGenericCommand  timers.o
    0x08007454   0x08007454   0x00000062   Code   RO         5851    x$fpl$d2f           fz_ws.l(d2f.o)
    0x080074b6   0x080074b6   0x00000002   PAD
    0x080074b8   0x080074b8   0x00000150   Code   RO         5853    x$fpl$dadd          fz_ws.l(daddsub_clz.o)
    0x08007608   0x08007608   0x00000010   Code   RO         6010    x$fpl$dcheck1       fz_ws.l(dcheck1.o)
    0x08007618   0x08007618   0x00000018   Code   RO         6012    x$fpl$dcmpinf       fz_ws.l(dcmpi.o)
    0x08007630   0x08007630   0x000002b0   Code   RO         5860    x$fpl$ddiv          fz_ws.l(ddiv.o)
    0x080078e0   0x080078e0   0x00000078   Code   RO         5932    x$fpl$deqf          fz_ws.l(deqf.o)
    0x08007958   0x08007958   0x0000002e   Code   RO         5864    x$fpl$dflt          fz_ws.l(dflt_clz.o)
    0x08007986   0x08007986   0x00000002   PAD
    0x08007988   0x08007988   0x00000154   Code   RO         5869    x$fpl$dmul          fz_ws.l(dmul.o)
    0x08007adc   0x08007adc   0x0000009c   Code   RO         5934    x$fpl$dnaninf       fz_ws.l(dnaninf.o)
    0x08007b78   0x08007b78   0x0000000c   Code   RO         5936    x$fpl$dretinf       fz_ws.l(dretinf.o)
    0x08007b84   0x08007b84   0x00000016   Code   RO         5854    x$fpl$drsb          fz_ws.l(daddsub_clz.o)
    0x08007b9a   0x08007b9a   0x00000002   PAD
    0x08007b9c   0x08007b9c   0x000001cc   Code   RO         6016    x$fpl$dsqrt         fz_ws.l(dsqrt_noumaal.o)
    0x08007d68   0x08007d68   0x000001d4   Code   RO         5855    x$fpl$dsub          fz_ws.l(daddsub_clz.o)
    0x08007f3c   0x08007f3c   0x00000056   Code   RO         5871    x$fpl$f2d           fz_ws.l(f2d.o)
    0x08007f92   0x08007f92   0x00000002   PAD
    0x08007f94   0x08007f94   0x000000c4   Code   RO         5873    x$fpl$fadd          fz_ws.l(faddsub_clz.o)
    0x08008058   0x08008058   0x0000000c   Code   RO         5938    x$fpl$fcheck1       fz_ws.l(fcheck1.o)
    0x08008064   0x08008064   0x00000018   Code   RO         5940    x$fpl$fcmpinf       fz_ws.l(fcmpi.o)
    0x0800807c   0x0800807c   0x00000184   Code   RO         5880    x$fpl$fdiv          fz_ws.l(fdiv.o)
    0x08008200   0x08008200   0x00000036   Code   RO         5883    x$fpl$ffix          fz_ws.l(ffix.o)
    0x08008236   0x08008236   0x00000002   PAD
    0x08008238   0x08008238   0x0000003e   Code   RO         5887    x$fpl$ffixu         fz_ws.l(ffixu.o)
    0x08008276   0x08008276   0x00000002   PAD
    0x08008278   0x08008278   0x00000030   Code   RO         5892    x$fpl$fflt          fz_ws.l(fflt_clz.o)
    0x080082a8   0x080082a8   0x00000026   Code   RO         5891    x$fpl$ffltu         fz_ws.l(fflt_clz.o)
    0x080082ce   0x080082ce   0x00000002   PAD
    0x080082d0   0x080082d0   0x00000068   Code   RO         5897    x$fpl$fleqf         fz_ws.l(fleqf.o)
    0x08008338   0x08008338   0x00000102   Code   RO         5899    x$fpl$fmul          fz_ws.l(fmul.o)
    0x0800843a   0x0800843a   0x0000008c   Code   RO         5942    x$fpl$fnaninf       fz_ws.l(fnaninf.o)
    0x080084c6   0x080084c6   0x0000000a   Code   RO         5944    x$fpl$fretinf       fz_ws.l(fretinf.o)
    0x080084d0   0x080084d0   0x00000062   Code   RO         5901    x$fpl$frleqf        fz_ws.l(frleqf.o)
    0x08008532   0x08008532   0x00000002   PAD
    0x08008534   0x08008534   0x000000ea   Code   RO         5875    x$fpl$fsub          fz_ws.l(faddsub_clz.o)
    0x0800861e   0x0800861e   0x00000064   Code   RO         6018    x$fpl$retnan        fz_ws.l(retnan.o)
    0x08008682   0x08008682   0x0000005c   Code   RO         5946    x$fpl$scalbn        fz_ws.l(scalbn.o)
    0x080086de   0x080086de   0x0000004c   Code   RO         5903    x$fpl$scalbnf       fz_ws.l(scalbnf.o)
    0x0800872a   0x0800872a   0x00000030   Code   RO         6035    x$fpl$trapveneer    fz_ws.l(trapv.o)
    0x0800875a   0x0800875a   0x00000000   Code   RO         5948    x$fpl$usenofp       fz_ws.l(usenofp.o)
    0x0800875a   0x0800875a   0x00000012   Data   RO          322    .constdata          stm32f1xx_hal_rcc.o
    0x0800876c   0x0800876c   0x00000010   Data   RO         2449    .constdata          system_stm32f1xx.o
    0x0800877c   0x0800877c   0x00000008   Data   RO         2450    .constdata          system_stm32f1xx.o
    0x08008784   0x08008784   0x0000006c   Data   RO         2634    .constdata          freertos.o
    0x080087f0   0x080087f0   0x0000001b   Data   RO         4895    .constdata          inv_mpu.o
    0x0800880b   0x0800880b   0x00000001   PAD
    0x0800880c   0x0800880c   0x0000000c   Data   RO         4896    .constdata          inv_mpu.o
    0x08008818   0x08008818   0x00000028   Data   RO         4897    .constdata          inv_mpu.o
    0x08008840   0x08008840   0x00000bf6   Data   RO         5231    .constdata          inv_mpu_dmp_motion_driver.o
    0x08009436   0x08009436   0x00000002   PAD
    0x08009438   0x08009438   0x00000050   Data   RO         5907    .constdata          m_ws.l(asin.o)
    0x08009488   0x08009488   0x00000098   Data   RO         5951    .constdata          m_ws.l(atan.o)
    0x08009520   0x08009520   0x00000008   Data   RO         5977    .constdata          m_ws.l(qnan.o)
    0x08009528   0x08009528   0x00000028   Data   RO         2635    .conststring        freertos.o
    0x08009550   0x08009550   0x00000020   Data   RO         6167    Region$$Table       anon$$obj.o


    Execution Region RW_IRAM1 (Exec base: 0x20000000, Load base: 0x08009570, Size: 0x00002d98, Max: 0x00005000, ABSOLUTE)

    Exec Addr    Load Addr    Size         Type   Attr      Idx    E Section Name        Object

    0x20000000   0x08009570   0x0000000c   Data   RW          159    .data               stm32f1xx_hal.o
    0x2000000c   0x0800957c   0x00000004   Data   RW         2451    .data               system_stm32f1xx.o
    0x20000010   0x08009580   0x0000000c   Data   RW         2636    .data               freertos.o
    0x2000001c   0x0800958c   0x0000003c   Data   RW         3596    .data               tasks.o
    0x20000058   0x080095c8   0x00000014   Data   RW         3912    .data               timers.o
    0x2000006c   0x080095dc   0x00000004   Data   RW         4109    .data               cmsis_os2.o
    0x20000070   0x080095e0   0x00000018   Data   RW         4472    .data               heap_4.o
    0x20000088   0x080095f8   0x0000000c   Data   RW         4523    .data               port.o
    0x20000094   0x08009604   0x00000004   Data   RW         4667    .data               bluetooth.o
    0x20000098   0x08009608   0x00000035   Data   RW         4898    .data               inv_mpu.o
    0x200000cd   0x0800963d   0x00000003   PAD
    0x200000d0   0x08009640   0x00000004   Data   RW         5487    .data               chassis_move.o
    0x200000d4   0x08009644   0x00000018   Data   RW         5554    .data               control.o
    0x200000ec   0x0800965c   0x00000004   Data   RW         5694    .data               mpu_updata.o
    0x200000f0        -       0x0000011c   Zero   RW         2729    .bss                tim.o
    0x2000020c        -       0x00000048   Zero   RW         2796    .bss                usart.o
    0x20000254        -       0x00000048   Zero   RW         2938    .bss                stm32f1xx_hal_timebase_tim.o
    0x2000029c        -       0x00000040   Zero   RW         3179    .bss                queue.o
    0x200002dc        -       0x000004c4   Zero   RW         3595    .bss                tasks.o
    0x200007a0        -       0x00000118   Zero   RW         3911    .bss                timers.o
    0x200008b8        -       0x000006b8   Zero   RW         4108    .bss                cmsis_os2.o
    0x20000f70        -       0x00000c00   Zero   RW         4471    .bss                heap_4.o
    0x20001b70        -       0x000000c8   Zero   RW         4666    .bss                bluetooth.o
    0x20001c38        -       0x000000dc   Zero   RW         4706    .bss                ws2812.o
    0x20001d14        -       0x00000010   Zero   RW         5230    .bss                inv_mpu_dmp_motion_driver.o
    0x20001d24        -       0x00000038   Zero   RW         5486    .bss                chassis_move.o
    0x20001d5c        -       0x00000044   Zero   RW         5608    .bss                global.o
    0x20001da0        -       0x00000994   Zero   RW         5693    .bss                mpu_updata.o
    0x20002734        -       0x00000060   Zero   RW         6021    .bss                c_w.l(libspace.o)
    0x20002794   0x08009660   0x00000004   PAD
    0x20002798        -       0x00000200   Zero   RW            2    HEAP                startup_stm32f103xb.o
    0x20002998        -       0x00000400   Zero   RW            1    STACK               startup_stm32f103xb.o


==============================================================================

Image component sizes


      Code (inc. data)   RO Data    RW Data    ZI Data      Debug   Object Name

        72         12          0          4        200       1243   bluetooth.o
       434         42          0          4         56       3549   chassis_move.o
       380         32          0          4       1720      14182   cmsis_os2.o
       456         26          0         24          0       1676   control.o
        44          4          0          0          0        730   dma.o
         0          0          0          0          0      20100   event_groups.o
       104         22        148         12          0       5516   freertos.o
         0          0          0          0         68        793   global.o
       192         12          0          0          0        947   gpio.o
       460         24          0         24       3072       4587   heap_4.o
       600         44          0          0          0       5319   iic.o
      5220        214         79         53          0      29258   inv_mpu.o
      2382        118       3062          0         16      19134   inv_mpu_dmp_motion_driver.o
        54          0          0          0          0        633   limit.o
       138          0          0          0          0       3310   list.o
       206         14          0          0          0      10672   main.o
       364         20          0          0          0       1332   motor.o
       708         14          0          0          0       7591   mpu6050.o
       524         12          0          4       2452       4037   mpu_updata.o
       316         20          0          0          0       2624   pid.o
       662         70          0         12          0      10645   port.o
      1512         20          0          0         64      16684   queue.o
        56          6          0          0          0        452   robot_arm.o
       132         24          0          0          0       1053   servo.o
        64         26        236          0       1536        796   startup_stm32f103xb.o
       100         18          0         12          0       5150   stm32f1xx_hal.o
       158         14          0          0          0      28110   stm32f1xx_hal_cortex.o
       808         36          0          0          0       4890   stm32f1xx_hal_dma.o
       500         34          0          0          0       3455   stm32f1xx_hal_gpio.o
         0          0          0          0          0     425468   stm32f1xx_hal_gpio_ex.o
        72         10          0          0          0        842   stm32f1xx_hal_msp.o
      1304         94         18          0          0       5641   stm32f1xx_hal_rcc.o
      2420         84          0          0          0      19415   stm32f1xx_hal_tim.o
       108         12          0          0          0       2345   stm32f1xx_hal_tim_ex.o
       140         22          0          0         72       1383   stm32f1xx_hal_timebase_tim.o
      1280         10          0          0          0       8668   stm32f1xx_hal_uart.o
        48         18          0          0          0       3781   stm32f1xx_it.o
         4          0          0          0          0        430   stm32tim.o
         0          0          0          0          0       8880   stream_buffer.o
         2          0         24          4          0       1071   system_stm32f1xx.o
      2064        170          0         60       1220      22880   tasks.o
       908         72          0          0        284       4518   tim.o
       912         82          0         20        280      25779   timers.o
       184         22          0          0         72       1634   usart.o
       404         52          0          0        220       4720   ws2812.o

    ----------------------------------------------------------------------
     26534       1526       3602        240      11332     745923   Object Totals
         0          0         32          0          0          0   (incl. Generated)
        38          0          3          3          0          0   (incl. Padding)

    ----------------------------------------------------------------------

      Code (inc. data)   RO Data    RW Data    ZI Data      Debug   Library Member Name

         8          0          0          0          0         68   __main.o
         0          0          0          0          0          0   __rtentry.o
        12          0          0          0          0          0   __rtentry2.o
         6          0          0          0          0          0   __rtentry4.o
        52          8          0          0          0          0   __scatter.o
        26          0          0          0          0          0   __scatter_copy.o
        28          0          0          0          0          0   __scatter_zi.o
        22          0          0          0          0        100   _rserrno.o
        16          0          0          0          0         68   aeabi_memset.o
        18          0          0          0          0         80   exit.o
         6          0          0          0          0        152   heapauxi.o
         0          0          0          0          0          0   indicate_semi.o
         2          0          0          0          0          0   libinit.o
         2          0          0          0          0          0   libinit2.o
         2          0          0          0          0          0   libshutdown.o
         2          0          0          0          0          0   libshutdown2.o
         8          4          0          0         96         68   libspace.o
        72          0          0          0          0         76   llsdiv.o
       238          0          0          0          0        100   lludivv7m.o
        88          0          0          0          0         76   memcmp.o
         8          4          0          0          0         68   rt_errno_addr_intlibspace.o
        68          0          0          0          0         68   rt_memclr.o
        78          0          0          0          0         80   rt_memclr_w.o
       138          0          0          0          0         68   rt_memcpy_v6.o
       100          0          0          0          0         80   rt_memcpy_w.o
         2          0          0          0          0          0   rtexit.o
        10          0          0          0          0          0   rtexit2.o
        12          4          0          0          0         68   sys_exit.o
        74          0          0          0          0         80   sys_stackheap_outer.o
         2          0          0          0          0         68   use_no_semi.o
        98          4          0          0          0         92   d2f.o
       826         16          0          0          0        348   daddsub_clz.o
        16          4          0          0          0         68   dcheck1.o
        24          0          0          0          0         68   dcmpi.o
       688        140          0          0          0        208   ddiv.o
       120          4          0          0          0         92   deqf.o
        46          0          0          0          0         68   dflt_clz.o
       340         12          0          0          0        104   dmul.o
       156          4          0          0          0         92   dnaninf.o
        12          0          0          0          0         68   dretinf.o
       460         56          0          0          0        120   dsqrt_noumaal.o
        86          4          0          0          0         84   f2d.o
       430          8          0          0          0        168   faddsub_clz.o
        12          4          0          0          0         68   fcheck1.o
        24          0          0          0          0         68   fcmpi.o
       388         76          0          0          0         96   fdiv.o
        54          4          0          0          0         84   ffix.o
        62          4          0          0          0         84   ffixu.o
        86          0          0          0          0        136   fflt_clz.o
       104          4          0          0          0         84   fleqf.o
       258          4          0          0          0         84   fmul.o
       140          4          0          0          0         84   fnaninf.o
        10          0          0          0          0         68   fretinf.o
        98          0          0          0          0         68   frleqf.o
       100          0          0          0          0         68   retnan.o
        92          0          0          0          0         68   scalbn.o
        76          0          0          0          0         68   scalbnf.o
        48          0          0          0          0         68   trapv.o
         0          0          0          0          0          0   usenofp.o
       624         52         80          0          0        168   asin.o
       544         70        152          0          0        124   atan.o
       412         38          0          0          0        144   atan2.o
        38          6          0          0          0        272   dunder.o
        40          0          0          0          0         68   fpclassify.o
       170          0          0          0          0         96   poly.o
         0          0          8          0          0          0   qnan.o
        76          0          0          0          0         84   sqrt.o

    ----------------------------------------------------------------------
      7880        538        240          0        100       5100   Library Totals
        22          0          0          0          4          0   (incl. Padding)

    ----------------------------------------------------------------------

      Code (inc. data)   RO Data    RW Data    ZI Data      Debug   Library Name

      1100         20          0          0         96       1368   c_w.l
      4854        352          0          0          0       2776   fz_ws.l
      1904        166        240          0          0        956   m_ws.l

    ----------------------------------------------------------------------
      7880        538        240          0        100       5100   Library Totals

    ----------------------------------------------------------------------

==============================================================================


      Code (inc. data)   RO Data    RW Data    ZI Data      Debug   

     34414       2064       3842        240      11432     734743   Grand Totals
     34414       2064       3842        240      11432     734743   ELF Image Totals
     34414       2064       3842        240          0          0   ROM Totals

==============================================================================

    Total RO  Size (Code + RO Data)                38256 (  37.36kB)
    Total RW  Size (RW Data + ZI Data)             11672 (  11.40kB)
    Total ROM Size (Code + RO Data + RW Data)      38496 (  37.59kB)

==============================================================================

